 syl_detection_Bird_6_sfun

 Timestamp is 51535776 (Wed Mar 27 16:32:54 2013)

 Preferred load address is 10000000

 Start         Length     Name                   Class
 0001:00000000 000308f4H .text                   CODE
 0002:00000000 00000244H .idata$5                DATA
 0002:00000244 00000004H .CRT$XCA                DATA
 0002:00000248 00000004H .CRT$XCZ                DATA
 0002:0000024c 00000004H .CRT$XIA                DATA
 0002:00000250 00000004H .CRT$XIAA               DATA
 0002:00000254 00000004H .CRT$XIC                DATA
 0002:00000258 00000004H .CRT$XIZ                DATA
 0002:00000260 000045c0H .rdata                  DATA
 0002:00004820 00000004H .rdata$sxdata           DATA
 0002:00004824 00000004H .rtc$IAA                DATA
 0002:00004828 00000004H .rtc$IZZ                DATA
 0002:0000482c 00000004H .rtc$TAA                DATA
 0002:00004830 00000004H .rtc$TZZ                DATA
 0002:00004838 00000064H .xdata$x                DATA
 0002:0000489c 000000a0H .idata$2                DATA
 0002:0000493c 00000014H .idata$3                DATA
 0002:00004950 00000244H .idata$4                DATA
 0002:00004b94 00000a96H .idata$6                DATA
 0002:00005630 0000005fH .edata                  DATA
 0003:00000000 00003fa0H .data                   DATA
 0003:00003fa0 00002388H .bss                    DATA

  Address         Publics by Value              Rva+Base       Lib:Object

 0000:00000000       __except_list              00000000     <absolute>
 0000:00000001       ___safe_se_handler_count   00000001     <absolute>
 0000:00009876       __fltused                  00009876     <absolute>
 0000:00009876       __ldused                   00009876     <absolute>
 0000:00000000       ___ImageBase               10000000     <linker-defined>
 0001:00000000       _sf_c1_syl_detection_Bird_6_get_eml_resolved_functions_info 10001000 f   c1_syl_detection_Bird_6.obj
 0001:00000e40       _sf_c1_syl_detection_Bird_6_get_check_sum 10001e40 f   c1_syl_detection_Bird_6.obj
 0001:00000ea0       _sf_c1_syl_detection_Bird_6_get_autoinheritance_info 10001ea0 f   c1_syl_detection_Bird_6.obj
 0001:000011c0       _sf_internal_get_sim_state_c1_syl_detection_Bird_6 100021c0 f   c1_syl_detection_Bird_6.obj
 0001:00001470       _sf_internal_set_sim_state_c1_syl_detection_Bird_6 10002470 f   c1_syl_detection_Bird_6.obj
 0001:000017d0       _c1_syl_detection_Bird_6_method_dispatcher 100027d0 f   c1_syl_detection_Bird_6.obj
 0001:00003050       _sf_c2_syl_detection_Bird_6_get_eml_resolved_functions_info 10004050 f   c2_syl_detection_Bird_6.obj
 0001:000038d0       _sf_c2_syl_detection_Bird_6_get_check_sum 100048d0 f   c2_syl_detection_Bird_6.obj
 0001:00003930       _sf_c2_syl_detection_Bird_6_get_autoinheritance_info 10004930 f   c2_syl_detection_Bird_6.obj
 0001:00003c50       _sf_internal_get_sim_state_c2_syl_detection_Bird_6 10004c50 f   c2_syl_detection_Bird_6.obj
 0001:00003ee0       _sf_internal_set_sim_state_c2_syl_detection_Bird_6 10004ee0 f   c2_syl_detection_Bird_6.obj
 0001:000041f0       _c2_syl_detection_Bird_6_method_dispatcher 100051f0 f   c2_syl_detection_Bird_6.obj
 0001:00005630       _sf_c5_syl_detection_Bird_6_get_eml_resolved_functions_info 10006630 f   c5_syl_detection_Bird_6.obj
 0001:00005bf0       _sf_c5_syl_detection_Bird_6_get_check_sum 10006bf0 f   c5_syl_detection_Bird_6.obj
 0001:00005c50       _sf_c5_syl_detection_Bird_6_get_autoinheritance_info 10006c50 f   c5_syl_detection_Bird_6.obj
 0001:00006380       _sf_internal_get_sim_state_c5_syl_detection_Bird_6 10007380 f   c5_syl_detection_Bird_6.obj
 0001:00006760       _sf_internal_set_sim_state_c5_syl_detection_Bird_6 10007760 f   c5_syl_detection_Bird_6.obj
 0001:00006b30       _c5_syl_detection_Bird_6_method_dispatcher 10007b30 f   c5_syl_detection_Bird_6.obj
 0001:000083e0       _sf_process_check_sum_call 100093e0 f   syl_detection_Bird_6_sfun_registry.obj
 0001:00008410       _sf_process_autoinheritance_call 10009410 f   syl_detection_Bird_6_sfun_registry.obj
 0001:00008550       _sf_process_get_eml_resolved_functions_info_call 10009550 f   syl_detection_Bird_6_sfun_registry.obj
 0001:00008670       _sf_mex_unlock_call        10009670 f   syl_detection_Bird_6_sfun_registry.obj
 0001:00008700       _sf_machine_global_initializer_called 10009700 f   syl_detection_Bird_6_sfun_registry.obj
 0001:00008720       _sf_machine_global_method_dispatcher 10009720 f   syl_detection_Bird_6_sfun_registry.obj
 0001:00008760       _sf_machine_global_terminator 10009760 f   syl_detection_Bird_6_sfun_registry.obj
 0001:00008790       _sf_register_machine_exported_symbols 10009790 f   syl_detection_Bird_6_sfun_registry.obj
 0001:000087b0       _callCustomFcn             100097b0 f   syl_detection_Bird_6_sfun_registry.obj
 0001:000087c0       _sf_machine_global_initializer 100097c0 f   syl_detection_Bird_6_sfun_registry.obj
 0001:00008820       __ssSetStateAbsTol         10009820 f   syl_detection_Bird_6_sfun_registry.obj
 0001:000088c0       __ssGetAbsTol              100098c0 f   syl_detection_Bird_6_sfun_registry.obj
 0001:00008910       __ssSetInputPortMatrixDimensions 10009910 f   syl_detection_Bird_6_sfun_registry.obj
 0001:000089c0       __ssSetOutputPortMatrixDimensions 100099c0 f   syl_detection_Bird_6_sfun_registry.obj
 0001:00008a70       __ssSetInputPortVectorDimension 10009a70 f   syl_detection_Bird_6_sfun_registry.obj
 0001:00008af0       __ssSetOutputPortVectorDimension 10009af0 f   syl_detection_Bird_6_sfun_registry.obj
 0001:00008b70       _ssIsRunTimeParamTunable   10009b70 f   syl_detection_Bird_6_sfun_registry.obj
 0001:00008bd0       _ssGetSFuncBlockHandle     10009bd0 f   syl_detection_Bird_6_sfun_registry.obj
 0001:00008c20       __ssGetCurrentInputPortWidth 10009c20 f   syl_detection_Bird_6_sfun_registry.obj
 0001:00008cf0       __ssGetCurrentOutputPortWidth 10009cf0 f   syl_detection_Bird_6_sfun_registry.obj
 0001:00008dc0       __ssGetCallSystemNumFcnCallDestinations 10009dc0 f   syl_detection_Bird_6_sfun_registry.obj
 0001:00008e20       _ssWarning                 10009e20 f   syl_detection_Bird_6_sfun_registry.obj
 0001:00008f00       _ssGetIsZeroCrossControlDisabled 10009f00 f   syl_detection_Bird_6_sfun_registry.obj
 0001:00008f60       _ssSetIsInputPortUsedForContZcSignal 10009f60 f   syl_detection_Bird_6_sfun_registry.obj
 0001:00008fb0       _ssSetZcSignalIsZcElementDisc 10009fb0 f   syl_detection_Bird_6_sfun_registry.obj
 0001:00009030       _ssSetZcSignalName         1000a030 f   syl_detection_Bird_6_sfun_registry.obj
 0001:00009080       _ssSetZcSignalWidth        1000a080 f   syl_detection_Bird_6_sfun_registry.obj
 0001:000090d0       _ssSetZcSignalZcEventType  1000a0d0 f   syl_detection_Bird_6_sfun_registry.obj
 0001:00009120       _ssSetZcSignalType         1000a120 f   syl_detection_Bird_6_sfun_registry.obj
 0001:00009170       _ssSetZcSignalZcTol        1000a170 f   syl_detection_Bird_6_sfun_registry.obj
 0001:000091c0       _ssSetZcSignalNeedsEventNotification 1000a1c0 f   syl_detection_Bird_6_sfun_registry.obj
 0001:00009210       _ssCreateAndAddZcSignalInfo 1000a210 f   syl_detection_Bird_6_sfun_registry.obj
 0001:00009270       _ssCloneAndAddZcSignalInfo 1000a270 f   syl_detection_Bird_6_sfun_registry.obj
 0001:000092d0       _ssGetNumZcSignals         1000a2d0 f   syl_detection_Bird_6_sfun_registry.obj
 0001:00009330       _ssGetZcSignalVector       1000a330 f   syl_detection_Bird_6_sfun_registry.obj
 0001:00009390       _ssGetZcSignalZcEvents     1000a390 f   syl_detection_Bird_6_sfun_registry.obj
 0001:000093f0       _ssGetZcSignalName         1000a3f0 f   syl_detection_Bird_6_sfun_registry.obj
 0001:00009450       _ssGetZcSignalWidth        1000a450 f   syl_detection_Bird_6_sfun_registry.obj
 0001:000094b0       _ssGetZcSignalZcEventType  1000a4b0 f   syl_detection_Bird_6_sfun_registry.obj
 0001:00009510       _ssGetZcSignalType         1000a510 f   syl_detection_Bird_6_sfun_registry.obj
 0001:00009570       _ssGetZcSignalZcTol        1000a570 f   syl_detection_Bird_6_sfun_registry.obj
 0001:000095d0       _ssGetZcSignalNeedsEventNotification 1000a5d0 f   syl_detection_Bird_6_sfun_registry.obj
 0001:00009630       _ssGetZcSignalIsZcElementDisc 1000a630 f   syl_detection_Bird_6_sfun_registry.obj
 0001:000096b0       _ssGetIsInputPortElementContinuous 1000a6b0 f   syl_detection_Bird_6_sfun_registry.obj
 0001:00009730       __ssGetInputPortSignalPtrsFcn 1000a730 f   syl_detection_Bird_6_sfun_registry.obj
 0001:00009930       __ssGetInputPortSignalFcn  1000a930 f   syl_detection_Bird_6_sfun_registry.obj
 0001:00009ac0       __ssSetInputPortDirectFeedThroughFcn 1000aac0 f   syl_detection_Bird_6_sfun_registry.obj
 0001:00009bf0       __ssSetInputPortReusableFcn 1000abf0 f   syl_detection_Bird_6_sfun_registry.obj
 0001:00009c80       __ssSetOutputPortReusableFcn 1000ac80 f   syl_detection_Bird_6_sfun_registry.obj
 0001:00009d10       _ssGetDTypeIdFromMxArray   1000ad10 f   syl_detection_Bird_6_sfun_registry.obj
 0001:00009e00       _ssWriteRTWStr             1000ae00 f   syl_detection_Bird_6_sfun_registry.obj
 0001:00009e40       _ssWriteRTWMxVectParam     1000ae40 f   syl_detection_Bird_6_sfun_registry.obj
 0001:00009e80       _ssWriteRTWMx2dMatParam    1000ae80 f   syl_detection_Bird_6_sfun_registry.obj
 0001:00009ec0       _ssWriteRTWNameValuePair   1000aec0 f   syl_detection_Bird_6_sfun_registry.obj
 0001:0000a230       _ssWriteRTWParameters      1000b230 f   syl_detection_Bird_6_sfun_registry.obj
 0001:0000a5d0       _ssWriteRTWParamSettings   1000b5d0 f   syl_detection_Bird_6_sfun_registry.obj
 0001:0000aa80       _ssWriteRTWWorkVect        1000ba80 f   syl_detection_Bird_6_sfun_registry.obj
 0001:0000ae10       _mexFunction               1000be10 f   syl_detection_Bird_6_sfun_registry.obj
 0001:0000c540       _ProcessMexSfunctionEveryCall 1000d540 f   syl_detection_Bird_6_sfun_registry.obj
 0001:0000c650       _syl_detection_Bird_6_initializer 1000d650 f   syl_detection_Bird_6_sfun.obj
 0001:0000c660       _syl_detection_Bird_6_terminator 1000d660 f   syl_detection_Bird_6_sfun.obj
 0001:0000c670       _sf_syl_detection_Bird_6_method_dispatcher 1000d670 f   syl_detection_Bird_6_sfun.obj
 0001:0000c6e0       _sf_syl_detection_Bird_6_process_check_sum_call 1000d6e0 f   syl_detection_Bird_6_sfun.obj
 0001:0000cab0       _sf_syl_detection_Bird_6_autoinheritance_info 1000dab0 f   syl_detection_Bird_6_sfun.obj
 0001:0000cc50       _sf_syl_detection_Bird_6_get_eml_resolved_functions_info 1000dc50 f   syl_detection_Bird_6_sfun.obj
 0001:0000cda0       _syl_detection_Bird_6_debug_initialize 1000dda0 f   syl_detection_Bird_6_sfun.obj
 0001:0000cdf0       _syl_detection_Bird_6_register_exported_symbols 1000ddf0 f   syl_detection_Bird_6_sfun.obj
 0001:0000ce00       _load_syl_detection_Bird_6_optimization_info 1000de00 f   syl_detection_Bird_6_sfun.obj
 0001:0000ce40       _unload_syl_detection_Bird_6_optimization_info 1000de40 f   syl_detection_Bird_6_sfun.obj
 0001:0000cf10       _sf_mex_mx_is_numeric      1000df10 f   sfc_mexmsvc80:sfc_mex.obj
 0001:0000cf50       _strcmp_ignore_ws          1000df50 f   sfc_mexmsvc80:sfc_mex.obj
 0001:0000d070       _sf_mex_duplicatearraysafe 1000e070 f   sfc_mexmsvc80:sfc_mex.obj
 0001:0000d250       _sf_set_error_debugger_context_message_fcn 1000e250 f   sfc_mexmsvc80:sfc_mex.obj
 0001:0000d260       _sf_set_debugger_matlab_error_fcn 1000e260 f   sfc_mexmsvc80:sfc_mex.obj
 0001:0000d280       _sf_set_error_prefix_string 1000e280 f   sfc_mexmsvc80:sfc_mex.obj
 0001:0000d2b0       _sf_get_error_prefix_string 1000e2b0 f   sfc_mexmsvc80:sfc_mex.obj
 0001:0000d2c0       _sf_mex_enter_parallel_region 1000e2c0 f   sfc_mexmsvc80:sfc_mex.obj
 0001:0000d2d0       _sf_mex_exit_parallel_region 1000e2d0 f   sfc_mexmsvc80:sfc_mex.obj
 0001:0000d2e0       _sf_get_current_jmp_buf_ptr 1000e2e0 f   sfc_mexmsvc80:sfc_mex.obj
 0001:0000d2f0       _sf_set_current_jmp_buf_ptr 1000e2f0 f   sfc_mexmsvc80:sfc_mex.obj
 0001:0000d300       _sf_mex_set_halt_simulation 1000e300 f   sfc_mexmsvc80:sfc_mex.obj
 0001:0000d310       _sf_mex_get_halt_simulation 1000e310 f   sfc_mexmsvc80:sfc_mex.obj
 0001:0000d320       _sf_mex_clear_error_message 1000e320 f   sfc_mexmsvc80:sfc_mex.obj
 0001:0000d340       _sf_mex_get_error_message_for_read 1000e340 f   sfc_mexmsvc80:sfc_mex.obj
 0001:0000d350       _sf_mex_get_error_message_buffer_length 1000e350 f   sfc_mexmsvc80:sfc_mex.obj
 0001:0000d420       _sf_mex_warning_message    1000e420 f   sfc_mexmsvc80:sfc_mex.obj
 0001:0000d470       _sf_mex_v_errbuf_createf   1000e470 f   sfc_mexmsvc80:sfc_mex.obj
 0001:0000d490       _sf_mex_errbuf_createf     1000e490 f   sfc_mexmsvc80:sfc_mex.obj
 0001:0000d4b0       _sf_mex_v_errbuf_catf      1000e4b0 f   sfc_mexmsvc80:sfc_mex.obj
 0001:0000d4f0       _sf_mex_errbuf_catf        1000e4f0 f   sfc_mexmsvc80:sfc_mex.obj
 0001:0000d530       _sf_mex_errbuf_copy        1000e530 f   sfc_mexmsvc80:sfc_mex.obj
 0001:0000d550       _sf_mex_errbuf_clear       1000e550 f   sfc_mexmsvc80:sfc_mex.obj
 0001:0000d560       _sf_mex_errbuf_isempty     1000e560 f   sfc_mexmsvc80:sfc_mex.obj
 0001:0000d5f0       _sf_mex_set_error_status   1000e5f0 f   sfc_mexmsvc80:sfc_mex.obj
 0001:0000d620       _sf_mex_error_direct_call  1000e620 f   sfc_mexmsvc80:sfc_mex.obj
 0001:0000d640       _sf_mex_error_message_no_long_jump 1000e640 f   sfc_mexmsvc80:sfc_mex.obj
 0001:0000d670       _sf_mex_long_jump_on_error 1000e670 f   sfc_mexmsvc80:sfc_mex.obj
 0001:0000d6a0       _sf_mex_call_matlab        1000e6a0 f   sfc_mexmsvc80:sfc_mex.obj
 0001:0000d770       _sf_mex_check_builtin      1000e770 f   sfc_mexmsvc80:sfc_mex.obj
 0001:0000d7d0       _sf_mex_check_builtin_vs   1000e7d0 f   sfc_mexmsvc80:sfc_mex.obj
 0001:0000d830       _sf_mex_check_enum         1000e830 f   sfc_mexmsvc80:sfc_mex.obj
 0001:0000d880       _sf_mex_create_enum        1000e880 f   sfc_mexmsvc80:sfc_mex.obj
 0001:0000d8d0       _sf_mex_get_enum_element   1000e8d0 f   sfc_mexmsvc80:sfc_mex.obj
 0001:0000d8e0       _sf_mex_createcellarray    1000e8e0 f   sfc_mexmsvc80:sfc_mex.obj
 0001:0000d900       _sf_mex_setcell            1000e900 f   sfc_mexmsvc80:sfc_mex.obj
 0001:0000d910       _sf_mex_getcell            1000e910 f   sfc_mexmsvc80:sfc_mex.obj
 0001:0000d920       _sf_mex_dup                1000e920 f   sfc_mexmsvc80:sfc_mex.obj
 0001:0000d950       _sf_mex_assign             1000e950 f   sfc_mexmsvc80:sfc_mex.obj
 0001:0000d9a0       _sf_mex_destroy            1000e9a0 f   sfc_mexmsvc80:sfc_mex.obj
 0001:0000d9c0       _mx_array_has_fi_type      1000e9c0 f   sfc_mexmsvc80:sfc_mex.obj
 0001:0000d9f0       _sf_mex_convert_from_fi    1000e9f0 f   sfc_mexmsvc80:sfc_mex.obj
 0001:0000dad0       _sf_mex_convert_to_double  1000ead0 f   sfc_mexmsvc80:sfc_mex.obj
 0001:0000db10       _sf_mex_import_fi_vs       1000eb10 f   sfc_mexmsvc80:sfc_mex.obj
 0001:0000dc70       _sf_matrix_matrix_index_ok 1000ec70 f   sfc_mexmsvc80:sfc_mex.obj
 0001:0000dce0       _sf_vector_vector_index_ok 1000ece0 f   sfc_mexmsvc80:sfc_mex.obj
 0001:0000dd10       _ssGetCurrentInputPortDimensions_wrapper 1000ed10 f   sfc_mexmsvc80:sfc_mex.obj
 0001:0000dd30       _ssGetCurrentOutputPortDimensions_wrapper 1000ed30 f   sfc_mexmsvc80:sfc_mex.obj
 0001:0000dd50       _sf_mex_emlrt_context_is_debug_mode 1000ed50 f   sfc_mexmsvc80:sfc_mex.obj
 0001:0000dd60       _sf_mex_emlrt_context_set_debug_mode 1000ed60 f   sfc_mexmsvc80:sfc_mex.obj
 0001:0000dd70       _sf_mex_emlrtNameCapturePostProcessR2012a 1000ed70 f   sfc_mexmsvc80:sfc_mex.obj
 0001:0000ddd0       _sf_clear_error_manager_info 1000edd0 f   sfc_mexmsvc80:sfc_mex.obj
 0001:0000de20       _sf_mex_stop_simulation_abruptly_wo_error 1000ee20 f   sfc_mexmsvc80:sfc_mex.obj
 0001:0000de50       _sf_mex_error_message      1000ee50 f   sfc_mexmsvc80:sfc_mex.obj
 0001:0000dea0       _sf_react_to_error_in_matlab_call 1000eea0 f   sfc_mexmsvc80:sfc_mex.obj
 0001:0000dec0       _sf_mex_addfield           1000eec0 f   sfc_mexmsvc80:sfc_mex.obj
 0001:0000df40       _sf_mex_getfield           1000ef40 f   sfc_mexmsvc80:sfc_mex.obj
 0001:0000e1c0       _sf_mex_check_class        1000f1c0 f   sfc_mexmsvc80:sfc_mex.obj
 0001:0000e240       _sf_mex_is_real            1000f240 f   sfc_mexmsvc80:sfc_mex.obj
 0001:0000e450       _sf_mex_decode_encoded_mx_struct_array 1000f450 f   sfc_mexmsvc80:sfc_mex.obj
 0001:0000e5f0       _sf_mex_lw_bounds_check    1000f5f0 f   sfc_mexmsvc80:sfc_mex.obj
 0001:0000e620       _sf_mex_lw_size_eq_check_1d 1000f620 f   sfc_mexmsvc80:sfc_mex.obj
 0001:0000e640       _sf_mex_lw_size_eq_check_nd 1000f640 f   sfc_mexmsvc80:sfc_mex.obj
 0001:0000e720       _sf_mex_lw_dim_size_eq_check 1000f720 f   sfc_mexmsvc80:sfc_mex.obj
 0001:0000e750       _sf_mex_lw_dim_size_geq_check 1000f750 f   sfc_mexmsvc80:sfc_mex.obj
 0001:0000e780       _sf_mex_lw_sub_assign_size_check_nd 1000f780 f   sfc_mexmsvc80:sfc_mex.obj
 0001:0000e8b0       _sf_mex_lw_runtime_error_msgid 1000f8b0 f   sfc_mexmsvc80:sfc_mex.obj
 0001:0000e960       _sf_mex_lw_matrix_matrix_index_check 1000f960 f   sfc_mexmsvc80:sfc_mex.obj
 0001:0000e990       _sf_mex_lw_vector_vector_index_check 1000f990 f   sfc_mexmsvc80:sfc_mex.obj
 0001:0000e9d0       _sf_mex_lw_for_loop_vector_check 1000f9d0 f   sfc_mexmsvc80:sfc_mex.obj
 0001:0000ea30       _sf_mex_lw_non_negative_check 1000fa30 f   sfc_mexmsvc80:sfc_mex.obj
 0001:0000ea60       _sf_mex_overflow_error     1000fa60 f   sfc_mexmsvc80:sfc_mex.obj
 0001:0000ea70       _sf_mex_dividebyzero_error 1000fa70 f   sfc_mexmsvc80:sfc_mex.obj
 0001:0000ea80       _sf_mex_unsafe_enum_error  1000fa80 f   sfc_mexmsvc80:sfc_mex.obj
 0001:0000ea90       _sf_emlrtErrHandler        1000fa90 f   sfc_mexmsvc80:sfc_mex.obj
 0001:0000eb50       _sf_mex_size_one_check     1000fb50 f   sfc_mexmsvc80:sfc_mex.obj
 0001:0000eb70       _sf_mex_printf             1000fb70 f   sfc_mexmsvc80:sfc_mex.obj
 0001:0000ec50       _sf_mex_check_size         1000fc50 f   sfc_mexmsvc80:sfc_mex.obj
 0001:0000eed0       _sf_mex_check_struct       1000fed0 f   sfc_mexmsvc80:sfc_mex.obj
 0001:0000f120       _sf_mex_check_struct_vs    10010120 f   sfc_mexmsvc80:sfc_mex.obj
 0001:0000f160       _sf_mex_check_fi           10010160 f   sfc_mexmsvc80:sfc_mex.obj
 0001:0000f230       _sf_mex_check_fi_vs        10010230 f   sfc_mexmsvc80:sfc_mex.obj
 0001:0000f280       _sf_echo_expression        10010280 f   sfc_mexmsvc80:sfc_mex.obj
 0001:0000f2d0       _sf_assertion_failed       100102d0 f   sfc_mexmsvc80:sfc_mex.obj
 0001:0000f560       _sf_mex_evalin             10010560 f   sfc_mexmsvc80:sfc_mex.obj
 0001:0000f7c0       _sf_mex_export             100107c0 f   sfc_mexmsvc80:sfc_mex.obj
 0001:0000f870       _sf_mex_get_ml_var_no_error 10010870 f   sfc_mexmsvc80:sfc_mex.obj
 0001:0000f9d0       _sf_mex_get_ml_var         100109d0 f   sfc_mexmsvc80:sfc_mex.obj
 0001:0000fea0       _ml_set_element_value_in_array 10010ea0 f   sfc_mexmsvc80:sfc_mex.obj
 0001:00010fd0       _sf_mex_call_impl          10011fd0 f   sfc_mexmsvc80:sfc_mex.obj
 0001:00011360       _sf_mex_call_debug         10012360 f   sfc_mexmsvc80:sfc_mex.obj
 0001:00011380       _sf_mex_call               10012380 f   sfc_mexmsvc80:sfc_mex.obj
 0001:00011a90       _sf_mex_createstruct       10012a90 f   sfc_mexmsvc80:sfc_mex.obj
 0001:00011b30       _sf_mex_createstructarray  10012b30 f   sfc_mexmsvc80:sfc_mex.obj
 0001:00011b90       _sf_mex_get_mx_datatype_from_sf_datatype 10012b90 f   sfc_mexmsvc80:sfc_mex.obj
 0001:00011e10       _sf_mex_ml_var_sub         10012e10 f   sfc_mexmsvc80:sfc_mex.obj
 0001:00011f80       _sf_mex_ml_var_subsasgn    10012f80 f   sfc_mexmsvc80:sfc_mex.obj
 0001:00012290       _sf_mex_sub                10013290 f   sfc_mexmsvc80:sfc_mex.obj
 0001:00012430       _sf_mex_subsasgn           10013430 f   sfc_mexmsvc80:sfc_mex.obj
 0001:00012810       _sf_mex_create             10013810 f   sfc_mexmsvc80:sfc_mex.obj
 0001:00013100       _sf_mex_import_named       10014100 f   sfc_mexmsvc80:sfc_mex.obj
 0001:00013150       _sf_mex_import             10014150 f   sfc_mexmsvc80:sfc_mex.obj
 0001:00013190       _sf_mex_import_vs          10014190 f   sfc_mexmsvc80:sfc_mex.obj
 0001:00013220       _sf_mex_lower_fixpt_mx_array 10014220 f   sfc_mexmsvc80:sfc_mex.obj
 0001:000133e0       _sf_send_message_wrapper   100143e0 f   sfc_mexmsvc80:sfc_sf.obj
 0001:00013410       _sf_receive_message_wrapper 10014410 f   sfc_mexmsvc80:sfc_sf.obj
 0001:00013450       _sf_check_out_message_wrapper 10014450 f   sfc_mexmsvc80:sfc_sf.obj
 0001:00013490       _sf_check_in_message_wrapper 10014490 f   sfc_mexmsvc80:sfc_sf.obj
 0001:000134d0       _sf_no_message_wrapper     100144d0 f   sfc_mexmsvc80:sfc_sf.obj
 0001:00013740       _sim_mode_is_rtw_gen       10014740 f   sfc_mexmsvc80:sfc_sf.obj
 0001:00013780       _sim_mode_is_external      10014780 f   sfc_mexmsvc80:sfc_sf.obj
 0001:000137a0       _sim_mode_is_modelref_sim  100147a0 f   sfc_mexmsvc80:sfc_sf.obj
 0001:000137d0       _mdlInitializeSizes        100147d0 f   sfc_mexmsvc80:sfc_sf.obj
 0001:000137f0       _mdlInitializeSampleTimes  100147f0 f   sfc_mexmsvc80:sfc_sf.obj
 0001:00013830       _mdlZeroCrossings          10014830 f   sfc_mexmsvc80:sfc_sf.obj
 0001:000138e0       _mdlDerivatives            100148e0 f   sfc_mexmsvc80:sfc_sf.obj
 0001:00013980       _mdl_initialize_conditions_processing 10014980 f   sfc_mexmsvc80:sfc_sf.obj
 0001:000139b0       _mdlInitializeConditions   100149b0 f   sfc_mexmsvc80:sfc_sf.obj
 0001:00013a50       _mdlGetSimState            10014a50 f   sfc_mexmsvc80:sfc_sf.obj
 0001:00013a70       _mdlSetSimState            10014a70 f   sfc_mexmsvc80:sfc_sf.obj
 0001:00013a90       _mdl_ext_mode_exec_processing 10014a90 f   sfc_mexmsvc80:sfc_sf.obj
 0001:00013ab0       _mdlExtModeExec            10014ab0 f   sfc_mexmsvc80:sfc_sf.obj
 0001:00013c40       _mdlTerminate              10014c40 f   sfc_mexmsvc80:sfc_sf.obj
 0001:00013ca0       _mdlRTW                    10014ca0 f   sfc_mexmsvc80:sfc_sf.obj
 0001:00013cd0       _mdlSetWorkWidths          10014cd0 f   sfc_mexmsvc80:sfc_sf.obj
 0001:00013cf0       _mdlProcessParameters      10014cf0 f   sfc_mexmsvc80:sfc_sf.obj
 0001:00013d10       _mdl_start_processing      10014d10 f   sfc_mexmsvc80:sfc_sf.obj
 0001:00013d60       _mdlStart                  10014d60 f   sfc_mexmsvc80:sfc_sf.obj
 0001:00013e10       _mdlEnable                 10014e10 f   sfc_mexmsvc80:sfc_sf.obj
 0001:00013ec0       _mdlDisable                10014ec0 f   sfc_mexmsvc80:sfc_sf.obj
 0001:00013f50       _sf_get_chart_instance_ptr 10014f50 f   sfc_mexmsvc80:sfc_sf.obj
 0001:00013f70       _sf_load_rtw_optimization_info 10014f70 f   sfc_mexmsvc80:sfc_sf.obj
 0001:00014010       _sf_rtw_info_uint_prop     10015010 f   sfc_mexmsvc80:sfc_sf.obj
 0001:00014130       _sf_is_chart_inlinable     10015130 f   sfc_mexmsvc80:sfc_sf.obj
 0001:00014160       _sf_mark_output_events_with_multiple_callers 10015160 f   sfc_mexmsvc80:sfc_sf.obj
 0001:000142c0       _sf_mark_chart_reusable_outputs 100152c0 f   sfc_mexmsvc80:sfc_sf.obj
 0001:00014420       _sf_mark_chart_expressionable_inputs 10015420 f   sfc_mexmsvc80:sfc_sf.obj
 0001:00014580       _sf_get_subchart_simstruct 10015580 f   sfc_mexmsvc80:sfc_sf.obj
 0001:000145c0       _sf_get_fixpt_data_type_id 100155c0 f   sfc_mexmsvc80:sfc_sf.obj
 0001:00014600       _sf_get_enum_data_type_id  10015600 f   sfc_mexmsvc80:sfc_sf.obj
 0001:00014640       _sf_get_param_data_type_id 10015640 f   sfc_mexmsvc80:sfc_sf.obj
 0001:00014670       _sf_mex_listen_for_ctrl_c_force 10015670 f   sfc_mexmsvc80:sfc_sf.obj
 0001:00014770       _sf_mex_draw_now           10015770 f   sfc_mexmsvc80:sfc_sf.obj
 0001:000147b0       _sf_mex_set_debugger_sim_status_listener_fcn 100157b0 f   sfc_mexmsvc80:sfc_sf.obj
 0001:000147c0       _sf_mex_listen_for_ctrl_c  100157c0 f   sfc_mexmsvc80:sfc_sf.obj
 0001:00014850       _sf_mex_get_sfun_param     10015850 f   sfc_mexmsvc80:sfc_sf.obj
 0001:000148a0       _sf_get_runtime_param_data 100158a0 f   sfc_mexmsvc80:sfc_sf.obj
 0001:000148e0       _sf_call_output_fcn_call   100158e0 f   sfc_mexmsvc80:sfc_sf.obj
 0001:00014a00       _sf_call_output_fcn_enable 10015a00 f   sfc_mexmsvc80:sfc_sf.obj
 0001:00014a80       _sf_call_output_fcn_disable 10015a80 f   sfc_mexmsvc80:sfc_sf.obj
 0001:00014b00       _sf_clear_rtw_identifier   10015b00 f   sfc_mexmsvc80:sfc_sf.obj
 0001:00015330       _sf_set_encoded_dwork_info 10016330 f   sfc_mexmsvc80:sfc_sf.obj
 0001:00015370       _sf_get_dwork_info_from_mat_file 10016370 f   sfc_mexmsvc80:sfc_sf.obj
 0001:000154c0       _sf_set_rtw_dwork_info     100164c0 f   sfc_mexmsvc80:sfc_sf.obj
 0001:000155e0       _mdlOutputs                100165e0 f   sfc_mexmsvc80:sfc_sf.obj
 0001:000156f0       _sf_debug_disp             100166f0 f   sfc_debugmsvc80:sfcdebug.obj
 0001:000158f0       _sf_debug_data_runtime_size_mismatch_error_check 100168f0 f   sfc_debugmsvc80:sfcdebug.obj
 0001:00015930       _sf_debug_try_loading_machine 10016930 f   sfc_debugmsvc80:sfcdebug.obj
 0001:00015a00       _sf_debug_reset_current_state_configuration 10016a00 f   sfc_debugmsvc80:sfcdebug.obj
 0001:00015a40       _sf_debug_store_current_state_configuration 10016a40 f   sfc_debugmsvc80:sfcdebug.obj
 0001:00015a80       _sf_debug_restore_previous_state_configuration 10016a80 f   sfc_debugmsvc80:sfcdebug.obj
 0001:00015ac0       _sf_debug_restore_previous_state_configuration2 10016ac0 f   sfc_debugmsvc80:sfcdebug.obj
 0001:00015b00       _sf_debug_get_event_scope  10016b00 f   sfc_debugmsvc80:sfcdebug.obj
 0001:00015c20       _use_debugger_step_animation 10016c20 f   sfc_debugmsvc80:sfcdebug.obj
 0001:00015c40       _sf_debug_get_script_id    10016c40 f   sfc_debugmsvc80:sfcdebug.obj
 0001:00015cd0       _sf_debug_set_script_translation 10016cd0 f   sfc_debugmsvc80:sfcdebug.obj
 0001:00015e00       _sf_debug_extract_message_post_receive_info 10016e00 f   sfc_debugmsvc80:sfcdebug.obj
 0001:00015ec0       _sf_debug_get_current_machine_id 10016ec0 f   sfc_debugmsvc80:sfcdebug.obj
 0001:00015ee0       _sf_debug_get_current_optional_integer 10016ee0 f   sfc_debugmsvc80:sfcdebug.obj
 0001:00015ef0       _sf_debug_get_current_machine_number 10016ef0 f   sfc_debugmsvc80:sfcdebug.obj
 0001:00015f10       _sf_debug_get_current_machine_name 10016f10 f   sfc_debugmsvc80:sfcdebug.obj
 0001:00015f30       _sf_debug_get_current_chart_id 10016f30 f   sfc_debugmsvc80:sfcdebug.obj
 0001:00015f60       _sf_debug_get_current_chart_number 10016f60 f   sfc_debugmsvc80:sfcdebug.obj
 0001:00015f70       _sf_debug_get_current_instance_number 10016f70 f   sfc_debugmsvc80:sfcdebug.obj
 0001:00015f80       _sf_debug_get_current_is_minor_time_step 10016f80 f   sfc_debugmsvc80:sfcdebug.obj
 0001:00015ff0       _sf_debug_get_current_object_type 10016ff0 f   sfc_debugmsvc80:sfcdebug.obj
 0001:00016000       _sf_debug_get_current_instance_handle 10017000 f   sfc_debugmsvc80:sfcdebug.obj
 0001:00016050       _sf_debug_get_current_event_type 10017050 f   sfc_debugmsvc80:sfcdebug.obj
 0001:00016060       _sf_debug_get_current_object_id 10017060 f   sfc_debugmsvc80:sfcdebug.obj
 0001:00016090       _sf_debug_get_current_active_event_type 10017090 f   sfc_debugmsvc80:sfcdebug.obj
 0001:000160a0       _sf_debug_get_current_active_event_id 100170a0 f   sfc_debugmsvc80:sfcdebug.obj
 0001:000160d0       _sf_debug_get_current_tag_type 100170d0 f   sfc_debugmsvc80:sfcdebug.obj
 0001:000160e0       _sf_debug_get_current_simulation_time 100170e0 f   sfc_debugmsvc80:sfcdebug.obj
 0001:000160f0       _sf_debug_get_current_coverage_percentage 100170f0 f   sfc_debugmsvc80:sfcdebug.obj
 0001:00016100       _sf_debug_current_statement_context 10017100 f   sfc_debugmsvc80:sfcdebug.obj
 0001:00016180       _sf_debug_get_current_statement_info 10017180 f   sfc_debugmsvc80:sfcdebug.obj
 0001:000162c0       _sf_debug_terminate_instance 100172c0 f   sfc_debugmsvc80:sfcdebug.obj
 0001:00016560       _sf_debug_assertion_failed 10017560 f   sfc_debugmsvc80:sfcdebug.obj
 0001:000167e0       _sf_debug_set_number_of_data_with_change_event_for_machine 100177e0 f   sfc_debugmsvc80:sfcdebug.obj
 0001:00016820       _sf_debug_set_machine_event_thresholds 10017820 f   sfc_debugmsvc80:sfcdebug.obj
 0001:00016850       _sf_debug_set_machine_event_scope 10017850 f   sfc_debugmsvc80:sfcdebug.obj
 0001:00016890       _sf_debug_set_machine_data_thresholds 10017890 f   sfc_debugmsvc80:sfcdebug.obj
 0001:000168d0       _sf_debug_set_machine_data_scope 100178d0 f   sfc_debugmsvc80:sfcdebug.obj
 0001:00016950       _sf_debug_set_machine_data_name 10017950 f   sfc_debugmsvc80:sfcdebug.obj
 0001:000169a0       _sf_debug_set_machine_data_size 100179a0 f   sfc_debugmsvc80:sfcdebug.obj
 0001:00016a90       _sf_debug_set_machine_data_type 10017a90 f   sfc_debugmsvc80:sfcdebug.obj
 0001:00016bb0       _sf_debug_get_chart_data_number 10017bb0 f   sfc_debugmsvc80:sfcdebug.obj
 0001:00016be0       _sf_debug_get_chart_event_number 10017be0 f   sfc_debugmsvc80:sfcdebug.obj
 0001:00016c10       _sf_debug_set_chart_state_info 10017c10 f   sfc_debugmsvc80:sfcdebug.obj
 0001:00016c90       _sf_debug_set_chart_decomposition 10017c90 f   sfc_debugmsvc80:sfcdebug.obj
 0001:00016d00       _sf_debug_set_chart_substate_count 10017d00 f   sfc_debugmsvc80:sfcdebug.obj
 0001:00016dc0       _sf_debug_set_chart_substate_index 10017dc0 f   sfc_debugmsvc80:sfcdebug.obj
 0001:00016e30       _sf_debug_set_chart_state_substate_count 10017e30 f   sfc_debugmsvc80:sfcdebug.obj
 0001:00016f10       _sf_debug_set_chart_state_substate_index 10017f10 f   sfc_debugmsvc80:sfcdebug.obj
 0001:00016f90       _sf_debug_set_number_of_data_with_change_event_for_chart 10017f90 f   sfc_debugmsvc80:sfcdebug.obj
 0001:00017010       _sf_debug_set_number_of_states_with_entry_event_for_chart 10018010 f   sfc_debugmsvc80:sfcdebug.obj
 0001:00017080       _sf_debug_set_number_of_states_with_exit_event_for_chart 10018080 f   sfc_debugmsvc80:sfcdebug.obj
 0001:000170f0       _sf_debug_set_chart_disable_implicit_casting 100180f0 f   sfc_debugmsvc80:sfcdebug.obj
 0001:00017160       _sf_debug_set_chart_event_thresholds 10018160 f   sfc_debugmsvc80:sfcdebug.obj
 0001:000171d0       _sf_debug_set_chart_data_compiled_props 100181d0 f   sfc_debugmsvc80:sfcdebug.obj
 0001:00017440       _sf_debug_set_chart_data_props 10018440 f   sfc_debugmsvc80:sfcdebug.obj
 0001:000176b0       _sf_debug_check_fi_license 100186b0 f   sfc_debugmsvc80:sfcdebug.obj
 0001:00017840       _sf_debug_symbol_scope_push 10018840 f   sfc_debugmsvc80:sfcdebug.obj
 0001:00017880       _sf_debug_symbol_scope_push_eml 10018880 f   sfc_debugmsvc80:sfcdebug.obj
 0001:000178c0       _sf_debug_symbol_scope_pop 100188c0 f   sfc_debugmsvc80:sfcdebug.obj
 0001:000178f0       _sf_debug_symbol_scope_add_importable 100188f0 f   sfc_debugmsvc80:sfcdebug.obj
 0001:00017950       _sf_debug_symbol_scope_add 10018950 f   sfc_debugmsvc80:sfcdebug.obj
 0001:000179b0       _sf_debug_symbol_scope_add_dyn_importable 100189b0 f   sfc_debugmsvc80:sfcdebug.obj
 0001:00017a20       _sf_debug_symbol_scope_add_dyn 10018a20 f   sfc_debugmsvc80:sfcdebug.obj
 0001:00017a50       _sf_debug_symbol_scope_add_eml_importable 10018a50 f   sfc_debugmsvc80:sfcdebug.obj
 0001:00017a80       _sf_debug_symbol_scope_add_eml 10018a80 f   sfc_debugmsvc80:sfcdebug.obj
 0001:00017ab0       _sf_debug_symbol_scope_add_eml_dyn_importable 10018ab0 f   sfc_debugmsvc80:sfcdebug.obj
 0001:00017b00       _sf_debug_symbol_scope_add_eml_dyn 10018b00 f   sfc_debugmsvc80:sfcdebug.obj
 0001:00017b50       _sf_debug_symbol_switch    10018b50 f   sfc_debugmsvc80:sfcdebug.obj
 0001:00017b70       _sf_debug_symbol_scope_add_verbose 10018b70 f   sfc_debugmsvc80:sfcdebug.obj
 0001:00017be0       _sf_debug_set_machine_data_value_ptr 10018be0 f   sfc_debugmsvc80:sfcdebug.obj
 0001:00017c20       _sf_debug_set_instance_data_value_ptr 10018c20 f   sfc_debugmsvc80:sfcdebug.obj
 0001:00017c80       _sf_debug_unset_instance_data_value_ptr 10018c80 f   sfc_debugmsvc80:sfcdebug.obj
 0001:00017cd0       _sf_debug_set_chart_event_scope 10018cd0 f   sfc_debugmsvc80:sfcdebug.obj
 0001:00017d50       _sf_debug_set_chart_transition_coverage_maps 10018d50 f   sfc_debugmsvc80:sfcdebug.obj
 0001:00017de0       _sf_debug_set_chart_state_coverage_maps 10018de0 f   sfc_debugmsvc80:sfcdebug.obj
 0001:00017e60       _sf_debug_set_instance_transition_coverage_weights 10018e60 f   sfc_debugmsvc80:sfcdebug.obj
 0001:00017ed0       _sf_debug_set_instance_state_coverage_weights 10018ed0 f   sfc_debugmsvc80:sfcdebug.obj
 0001:000180d0       _sf_debug_unload_machine   100190d0 f   sfc_debugmsvc80:sfcdebug.obj
 0001:00018120       _sf_debug_load_machine     10019120 f   sfc_debugmsvc80:sfcdebug.obj
 0001:000181d0       _sf_debug_set_active_instance_in_data_dictionary 100191d0 f   sfc_debugmsvc80:sfcdebug.obj
 0001:00018350       _sf_debug_set_active_instance 10019350 f   sfc_debugmsvc80:sfcdebug.obj
 0001:00018440       _sf_debug_chart_visiblity_change 10019440 f   sfc_debugmsvc80:sfcdebug.obj
 0001:000184f0       _sf_debug_select_chart     100194f0 f   sfc_debugmsvc80:sfcdebug.obj
 0001:000185d0       _sf_debug_set_instance_cv_ids 100195d0 f   sfc_debugmsvc80:sfcdebug.obj
 0001:00018790       _sf_debug_select_charts    10019790 f   sfc_debugmsvc80:sfcdebug.obj
 0001:000188e0       _sf_debug_initialized      100198e0 f   sfc_debugmsvc80:sfcdebug.obj
 0001:000188f0       _sf_debug_is_uninterruptible 100198f0 f   sfc_debugmsvc80:sfcdebug.obj
 0001:00018920       _sf_debug_initialize_debugger_gui 10019920 f   sfc_debugmsvc80:sfcdebug.obj
 0001:00018ca0       _sf_debug_resume           10019ca0 f   sfc_debugmsvc80:sfcdebug.obj
 0001:00018cc0       _sf_debug_go               10019cc0 f   sfc_debugmsvc80:sfcdebug.obj
 0001:00018cd0       _sf_debug_break            10019cd0 f   sfc_debugmsvc80:sfcdebug.obj
 0001:00018ce0       _sf_debug_step_over        10019ce0 f   sfc_debugmsvc80:sfcdebug.obj
 0001:00018cf0       _sf_debug_step_out         10019cf0 f   sfc_debugmsvc80:sfcdebug.obj
 0001:00018d00       _sf_debug_set_disable_all_breakpoints 10019d00 f   sfc_debugmsvc80:sfcdebug.obj
 0001:00018d10       _sf_debug_disable_all_breakpoints_and_go 10019d10 f   sfc_debugmsvc80:sfcdebug.obj
 0001:00018d20       _sf_debug_break_on_chart_entry 10019d20 f   sfc_debugmsvc80:sfcdebug.obj
 0001:00018d30       _sf_debug_break_on_event_broadcast 10019d30 f   sfc_debugmsvc80:sfcdebug.obj
 0001:00018d40       _sf_debug_break_on_state_entry 10019d40 f   sfc_debugmsvc80:sfcdebug.obj
 0001:00018d50       _sf_debug_break_between_times 10019d50 f   sfc_debugmsvc80:sfcdebug.obj
 0001:00018d80       _sf_debug_browse_data      10019d80 f   sfc_debugmsvc80:sfcdebug.obj
 0001:00018da0       _sf_debug_watch_data       10019da0 f   sfc_debugmsvc80:sfcdebug.obj
 0001:00018dd0       _sf_debug_assign_data      10019dd0 f   sfc_debugmsvc80:sfcdebug.obj
 0001:00018df0       _sf_debug_whos             10019df0 f   sfc_debugmsvc80:sfcdebug.obj
 0001:00018e10       _sf_debug_get_consistency_info 10019e10 f   sfc_debugmsvc80:sfcdebug.obj
 0001:00018e30       _sf_debug_browse_trace     10019e30 f   sfc_debugmsvc80:sfcdebug.obj
 0001:00018e50       _sf_debug_set_breakpoints  10019e50 f   sfc_debugmsvc80:sfcdebug.obj
 0001:00018f10       _sf_debug_set_eml_breakpoints 10019f10 f   sfc_debugmsvc80:sfcdebug.obj
 0001:00019020       _sf_debug_set_script_breakpoints 1001a020 f   sfc_debugmsvc80:sfcdebug.obj
 0001:000190a0       _sf_debug_add_script_breakpoints 1001a0a0 f   sfc_debugmsvc80:sfcdebug.obj
 0001:00019110       _sf_debug_clear_script_breakpoints 1001a110 f   sfc_debugmsvc80:sfcdebug.obj
 0001:00019180       _sf_debug_query_script_breakpoints 1001a180 f   sfc_debugmsvc80:sfcdebug.obj
 0001:00019220       _sf_debug_get_eml_script_id 1001a220 f   sfc_debugmsvc80:sfcdebug.obj
 0001:00019270       _sf_debug_set_watch        1001a270 f   sfc_debugmsvc80:sfcdebug.obj
 0001:00019400       _sf_debug_get_instance_handle 1001a400 f   sfc_debugmsvc80:sfcdebug.obj
 0001:00019480       _sf_debug_get_active_states 1001a480 f   sfc_debugmsvc80:sfcdebug.obj
 0001:000194a0       _sf_debug_get_animation    1001a4a0 f   sfc_debugmsvc80:sfcdebug.obj
 0001:000194b0       _sf_debug_set_animation    1001a4b0 f   sfc_debugmsvc80:sfcdebug.obj
 0001:000194c0       _sf_debug_animate          1001a4c0 f   sfc_debugmsvc80:sfcdebug.obj
 0001:000194f0       _sf_debug_cycle_detection_check 1001a4f0 f   sfc_debugmsvc80:sfcdebug.obj
 0001:00019500       _sf_debug_data_range_check 1001a500 f   sfc_debugmsvc80:sfcdebug.obj
 0001:00019510       _sf_debug_transition_conflict_check 1001a510 f   sfc_debugmsvc80:sfcdebug.obj
 0001:00019520       _sf_debug_state_consistency_check 1001a520 f   sfc_debugmsvc80:sfcdebug.obj
 0001:00019530       _sf_debug_data_range_check_enabled 1001a530 f   sfc_debugmsvc80:sfcdebug.obj
 0001:00019540       _sf_debug_transition_conflict_check_enabled 1001a540 f   sfc_debugmsvc80:sfcdebug.obj
 0001:00019550       _sf_debug_transition_conflict_check_begin 1001a550 f   sfc_debugmsvc80:sfcdebug.obj
 0001:00019570       _sf_debug_transition_conflict_check_end 1001a570 f   sfc_debugmsvc80:sfcdebug.obj
 0001:00019590       _sf_debug_stop_debugging   1001a590 f   sfc_debugmsvc80:sfcdebug.obj
 0001:000195c0       _sf_debug_is_cycle_detected 1001a5c0 f   sfc_debugmsvc80:sfcdebug.obj
 0001:000195d0       _sf_debug_is_array_bounds_detected 1001a5d0 f   sfc_debugmsvc80:sfcdebug.obj
 0001:000195e0       _sf_debug_get_state_vectors_data_size 1001a5e0 f   sfc_debugmsvc80:sfcdebug.obj
 0001:00019620       _sf_debug_get_state_vectors_data 1001a620 f   sfc_debugmsvc80:sfcdebug.obj
 0001:000196f0       _sf_debug_set_state_vectors_data 1001a6f0 f   sfc_debugmsvc80:sfcdebug.obj
 0001:00019920       _sf_debug_get_script_index 1001a920 f   sfc_debugmsvc80:sfcdebug.obj
 0001:00019a50       _sf_debug_add_script       1001aa50 f   sfc_debugmsvc80:sfcdebug.obj
 0001:00019ba0       _cv_eval_point             1001aba0 f   sfc_debugmsvc80:sfcdebug.obj
 0001:00019c70       _cv_eval_testobjective     1001ac70 f   sfc_debugmsvc80:sfcdebug.obj
 0001:00019d20       _sf_debug_cv_init_state    1001ad20 f   sfc_debugmsvc80:sfcdebug.obj
 0001:00019db0       _sf_debug_cv_init_chart    1001adb0 f   sfc_debugmsvc80:sfcdebug.obj
 0001:00019e30       _sf_debug_cv_init_trans    1001ae30 f   sfc_debugmsvc80:sfcdebug.obj
 0001:00019ec0       _sf_debug_cv_init_testobjectives 1001aec0 f   sfc_debugmsvc80:sfcdebug.obj
 0001:0001a000       _cv_eml_init_script        1001b000 f   sfc_debugmsvc80:sfcdebug.obj
 0001:0001a080       _cv_eml_init_fcn           1001b080 f   sfc_debugmsvc80:sfcdebug.obj
 0001:0001a0e0       _cv_eml_init_testobjective 1001b0e0 f   sfc_debugmsvc80:sfcdebug.obj
 0001:0001a150       _cv_eml_init_saturation    1001b150 f   sfc_debugmsvc80:sfcdebug.obj
 0001:0001a1c0       _cv_eml_init_if            1001b1c0 f   sfc_debugmsvc80:sfcdebug.obj
 0001:0001a230       _cv_eml_init_for           1001b230 f   sfc_debugmsvc80:sfcdebug.obj
 0001:0001a2a0       _cv_eml_init_while         1001b2a0 f   sfc_debugmsvc80:sfcdebug.obj
 0001:0001a310       _cv_eml_init_mcdc          1001b310 f   sfc_debugmsvc80:sfcdebug.obj
 0001:0001a390       _cv_eml_init_switch        1001b390 f   sfc_debugmsvc80:sfcdebug.obj
 0001:0001a410       _cv_eml_eval               1001b410 f   sfc_debugmsvc80:sfcdebug.obj
 0001:0001a490       _sf_debug_bm_is_a_eml_breakpoint 1001b490 f   sfc_debugmsvc80:sfcdebug.obj
 0001:0001a5c0       _sf_debug_temporal_threshold 1001b5c0 f   sfc_debugmsvc80:sfcdebug.obj
 0001:0001a8b0       _sf_debug_transition_conflict_error 1001b8b0 f   sfc_debugmsvc80:sfcdebug.obj
 0001:0001ab50       _sf_debug_state_inconsistency_error 1001bb50 f   sfc_debugmsvc80:sfcdebug.obj
 0001:0001ac40       _sf_debug_check_for_state_inconsistency 1001bc40 f   sfc_debugmsvc80:sfcdebug.obj
 0001:0001ac80       _sf_debug_cycle_detecton_error 1001bc80 f   sfc_debugmsvc80:sfcdebug.obj
 0001:0001b290       _sf_debug_size_eq_check_1d 1001c290 f   sfc_debugmsvc80:sfcdebug.obj
 0001:0001b2b0       _sf_debug_size_eq_check_nd 1001c2b0 f   sfc_debugmsvc80:sfcdebug.obj
 0001:0001b390       _sf_debug_dim_size_eq_check 1001c390 f   sfc_debugmsvc80:sfcdebug.obj
 0001:0001b3c0       _sf_debug_dim_size_geq_check 1001c3c0 f   sfc_debugmsvc80:sfcdebug.obj
 0001:0001b3f0       _sf_debug_sub_assign_size_check_nd 1001c3f0 f   sfc_debugmsvc80:sfcdebug.obj
 0001:0001b510       _sf_debug_matrix_matrix_index_check 1001c510 f   sfc_debugmsvc80:sfcdebug.obj
 0001:0001b550       _sf_debug_vector_vector_index_check 1001c550 f   sfc_debugmsvc80:sfcdebug.obj
 0001:0001b590       _sf_debug_for_loop_vector_check 1001c590 f   sfc_debugmsvc80:sfcdebug.obj
 0001:0001b5f0       _sf_debug_runtime_error_msgid 1001c5f0 f   sfc_debugmsvc80:sfcdebug.obj
 0001:0001b680       _sf_debug_data_array_bounds_error_check 1001c680 f   sfc_debugmsvc80:sfcdebug.obj
 0001:0001b6e0       _sf_debug_eml_data_array_bounds_error_check 1001c6e0 f   sfc_debugmsvc80:sfcdebug.obj
 0001:0001b9d0       _sf_debug_integer_check    1001c9d0 f   sfc_debugmsvc80:sfcdebug.obj
 0001:0001ba50       _sf_debug_not_nan_check    1001ca50 f   sfc_debugmsvc80:sfcdebug.obj
 0001:0001baa0       _sf_debug_non_negative_check 1001caa0 f   sfc_debugmsvc80:sfcdebug.obj
 0001:0001bb00       _sf_debug_overflow_detection 1001cb00 f   sfc_debugmsvc80:sfcdebug.obj
 0001:0001c020       _sf_debug_cast_to_real32_T 1001d020 f   sfc_debugmsvc80:sfcdebug.obj
 0001:0001c080       _sf_debug_cast_to_int8_T   1001d080 f   sfc_debugmsvc80:sfcdebug.obj
 0001:0001c100       _sf_debug_cast_to_uint8_T  1001d100 f   sfc_debugmsvc80:sfcdebug.obj
 0001:0001c190       _sf_debug_cast_to_int16_T  1001d190 f   sfc_debugmsvc80:sfcdebug.obj
 0001:0001c210       _sf_debug_cast_to_uint16_T 1001d210 f   sfc_debugmsvc80:sfcdebug.obj
 0001:0001c2a0       _sf_debug_cast_to_int32_T  1001d2a0 f   sfc_debugmsvc80:sfcdebug.obj
 0001:0001c310       _sf_debug_cast_to_uint32_T 1001d310 f   sfc_debugmsvc80:sfcdebug.obj
 0001:0001c3a0       _sf_debug_data_range_error 1001d3a0 f   sfc_debugmsvc80:sfcdebug.obj
 0001:0001c620       _sf_debug_read_before_write_check 1001d620 f   sfc_debugmsvc80:sfcdebug.obj
 0001:0001c980       _sf_debug_data_range_error_wrapper_min_max 1001d980 f   sfc_debugmsvc80:sfcdebug.obj
 0001:0001c9f0       _sf_debug_data_range_error_wrapper_min 1001d9f0 f   sfc_debugmsvc80:sfcdebug.obj
 0001:0001ca50       _sf_debug_data_range_error_wrapper_max 1001da50 f   sfc_debugmsvc80:sfcdebug.obj
 0001:0001cab0       _sf_debug_data_range_wrapper 1001dab0 f   sfc_debugmsvc80:sfcdebug.obj
 0001:0001cb00       _sf_debug_set_current_status_info 1001db00 f   sfc_debugmsvc80:sfcdebug.obj
 0001:0001ce60       _sf_debug_register_message_post_receive_info 1001de60 f   sfc_debugmsvc80:sfcdebug.obj
 0001:0001cff0       _sf_debug_call             1001dff0 f   sfc_debugmsvc80:sfcdebug.obj
 0001:0001d7e0       _sf_debug_initialize_machine 1001e7e0 f   sfc_debugmsvc80:sfcdebug.obj
 0001:0001da90       _sf_debug_initialize_chart 1001ea90 f   sfc_debugmsvc80:sfcdebug.obj
 0001:0001dd80       _sf_debug_ensure_script    1001ed80 f   sfc_debugmsvc80:sfcdebug.obj
 0001:0001de30       _cv_script_init_script     1001ee30 f   sfc_debugmsvc80:sfcdebug.obj
 0001:0001de90       _cv_script_init_fcn        1001ee90 f   sfc_debugmsvc80:sfcdebug.obj
 0001:0001dee0       _cv_script_init_testobjective 1001eee0 f   sfc_debugmsvc80:sfcdebug.obj
 0001:0001df30       _cv_script_init_if         1001ef30 f   sfc_debugmsvc80:sfcdebug.obj
 0001:0001df80       _cv_script_init_for        1001ef80 f   sfc_debugmsvc80:sfcdebug.obj
 0001:0001dfd0       _cv_script_init_while      1001efd0 f   sfc_debugmsvc80:sfcdebug.obj
 0001:0001e020       _cv_script_init_mcdc       1001f020 f   sfc_debugmsvc80:sfcdebug.obj
 0001:0001e080       _cv_script_init_switch     1001f080 f   sfc_debugmsvc80:sfcdebug.obj
 0001:0001e0e0       _cv_script_eval            1001f0e0 f   sfc_debugmsvc80:sfcdebug.obj
 0001:0001e140       _eml_debug_line_call       1001f140 f   sfc_debugmsvc80:sfcdebug.obj
 0001:0001e240       _sf_debug_terminate        1001f240 f   sfc_debugmsvc80:sfcdebug.obj
 0001:0001e370       _sf_debug_set_script_cv_ids 1001f370 f   sfc_debugmsvc80:sfcdebug.obj
 0001:0001e470       _sf_debug_api              1001f470 f   sfc_debugmsvc80:sfc_api.obj
 0001:0001fd20       _sf_debug_sm_terminate     10020d20 f   sfc_debugmsvc80:sfdb_animation.obj
 0001:0001fe90       _sf_debug_reset_path_objects 10020e90 f   sfc_debugmsvc80:sfdb_animation.obj
 0001:0001ff00       _sf_debug_sm_reset_object_selection_status 10020f00 f   sfc_debugmsvc80:sfdb_animation.obj
 0001:0001ffa0       _sf_debug_sm_reset_state_buffer 10020fa0 f   sfc_debugmsvc80:sfdb_animation.obj
 0001:00020060       _sf_debug_sm_store_state_buffer 10021060 f   sfc_debugmsvc80:sfdb_animation.obj
 0001:000200e0       _sf_debug_sm_restore_state_buffer1 100210e0 f   sfc_debugmsvc80:sfdb_animation.obj
 0001:00020140       _sf_debug_sm_restore_state_buffer2 10021140 f   sfc_debugmsvc80:sfdb_animation.obj
 0001:000201a0       _sf_debug_sm_chart_active  100211a0 f   sfc_debugmsvc80:sfdb_animation.obj
 0001:000201f0       _sf_debug_sm_select_active_objects 100211f0 f   sfc_debugmsvc80:sfdb_animation.obj
 0001:000205b0       _sf_debug_sm_is_chart_active 100215b0 f   sfc_debugmsvc80:sfdb_animation.obj
 0001:000205f0       _sf_debug_sm_is_state_active 100215f0 f   sfc_debugmsvc80:sfdb_animation.obj
 0001:000207a0       _sf_debug_sm_get_active_states 100217a0 f   sfc_debugmsvc80:sfdb_animation.obj
 0001:00020bd0       _sf_debug_sm_initialize_instance 10021bd0 f   sfc_debugmsvc80:sfdb_animation.obj
 0001:00020de0       _sf_debug_sm_change_object_selection_status 10021de0 f   sfc_debugmsvc80:sfdb_animation.obj
 0001:00020fd0       _cv_create_interface       10021fd0 f   sfc_debugmsvc80:cv_sfinterface.obj
 0001:000212e0       _cv_init_trans             100222e0 f   sfc_debugmsvc80:cv_sfinterface.obj
 0001:00021330       _cv_init_testobjective     10022330 f   sfc_debugmsvc80:cv_sfinterface.obj
 0001:00021380       _cv_init_state             10022380 f   sfc_debugmsvc80:cv_sfinterface.obj
 0001:000213e0       _cv_init_chart             100223e0 f   sfc_debugmsvc80:cv_sfinterface.obj
 0001:00021430       _cv_dec_update_call        10022430 f   sfc_debugmsvc80:cv_sfinterface.obj
 0001:00021470       _cv_cond_update_call       10022470 f   sfc_debugmsvc80:cv_sfinterface.obj
 0001:000214b0       _cv_testobjective_update_call 100224b0 f   sfc_debugmsvc80:cv_sfinterface.obj
 0001:000214f0       _cv_sigrange_update        100224f0 f   sfc_debugmsvc80:cv_sfinterface.obj
 0001:00021540       _cvsf_eml_eval             10022540 f   sfc_debugmsvc80:cv_sfinterface.obj
 0001:00021630       _cvsf_eml_init_script      10022630 f   sfc_debugmsvc80:cv_sfinterface.obj
 0001:000216a0       _cvsf_eml_init_fcn         100226a0 f   sfc_debugmsvc80:cv_sfinterface.obj
 0001:00021700       _cvsf_eml_init_testobjective 10022700 f   sfc_debugmsvc80:cv_sfinterface.obj
 0001:00021760       _cvsf_eml_init_saturation  10022760 f   sfc_debugmsvc80:cv_sfinterface.obj
 0001:000217c0       _cvsf_eml_init_if          100227c0 f   sfc_debugmsvc80:cv_sfinterface.obj
 0001:00021820       _cvsf_eml_init_for         10022820 f   sfc_debugmsvc80:cv_sfinterface.obj
 0001:00021880       _cvsf_eml_init_while       10022880 f   sfc_debugmsvc80:cv_sfinterface.obj
 0001:000218e0       _cvsf_eml_init_mcdc        100228e0 f   sfc_debugmsvc80:cv_sfinterface.obj
 0001:00021950       _cvsf_eml_init_switch      10022950 f   sfc_debugmsvc80:cv_sfinterface.obj
 0001:000219b0       _cvsf_script_eval          100229b0 f   sfc_debugmsvc80:cv_sfinterface.obj
 0001:00021aa0       _cvsf_script_init_script   10022aa0 f   sfc_debugmsvc80:cv_sfinterface.obj
 0001:00021b10       _cvsf_script_init_fcn      10022b10 f   sfc_debugmsvc80:cv_sfinterface.obj
 0001:00021b70       _cvsf_script_init_testobjective 10022b70 f   sfc_debugmsvc80:cv_sfinterface.obj
 0001:00021bd0       _cvsf_script_init_saturation 10022bd0 f   sfc_debugmsvc80:cv_sfinterface.obj
 0001:00021c30       _cvsf_script_init_if       10022c30 f   sfc_debugmsvc80:cv_sfinterface.obj
 0001:00021c90       _cvsf_script_init_for      10022c90 f   sfc_debugmsvc80:cv_sfinterface.obj
 0001:00021ce0       _cvsf_script_init_while    10022ce0 f   sfc_debugmsvc80:cv_sfinterface.obj
 0001:00021d30       _cvsf_script_init_mcdc     10022d30 f   sfc_debugmsvc80:cv_sfinterface.obj
 0001:00021da0       _cvsf_script_init_switch   10022da0 f   sfc_debugmsvc80:cv_sfinterface.obj
 0001:00021e00       _cv_destroy_interface      10022e00 f   sfc_debugmsvc80:cv_sfinterface.obj
 0001:00021e20       _cv_create_instance_objects 10022e20 f   sfc_debugmsvc80:cv_sfinterface.obj
 0001:00022160       _cv_is_enabled             10023160 f   sfc_debugmsvc80:cv_sfinterface.obj
 0001:00022170       _sf_debug_cv_initialize_script 10023170 f   sfc_debugmsvc80:cv_sfinterface.obj
 0001:00022300       _sf_debug_cv_initialize_instance 10023300 f   sfc_debugmsvc80:cv_sfinterface.obj
 0001:00022600       _sf_debug_cv_terminate_chart 10023600 f   sfc_debugmsvc80:cv_sfinterface.obj
 0001:000226f0       _cv_call_trans_test        100236f0 f   sfc_debugmsvc80:cv_sfinterface.obj
 0001:00022700       _cv_call_sub_cond_test     10023700 f   sfc_debugmsvc80:cv_sfinterface.obj
 0001:00022740       _sf_debug_st_initialize_machine 10023740 f   sfc_debugmsvc80:sfdb_data_browse.obj
 0001:000227f0       _sf_debug_st_initialize_instance 100237f0 f   sfc_debugmsvc80:sfdb_data_browse.obj
 0001:000229b0       _sf_debug_st_terminate     100239b0 f   sfc_debugmsvc80:sfdb_data_browse.obj
 0001:00022b10       _sf_debug_st_set_data_value_ptr_in_machine 10023b10 f   sfc_debugmsvc80:sfdb_data_browse.obj
 0001:00022b80       _sf_debug_st_set_data_value_ptr_in_instance 10023b80 f   sfc_debugmsvc80:sfdb_data_browse.obj
 0001:00022c30       _sf_debug_st_unset_data_value_ptr_in_machine 10023c30 f   sfc_debugmsvc80:sfdb_data_browse.obj
 0001:00022c90       _sf_debug_st_unset_data_value_ptr_in_instance 10023c90 f   sfc_debugmsvc80:sfdb_data_browse.obj
 0001:00022fa0       _sf_debug_mx_value         10023fa0 f   sfc_debugmsvc80:sfdb_data_browse.obj
 0001:00022ff0       _sf_debug_mx_packed_vector 10023ff0 f   sfc_debugmsvc80:sfdb_data_browse.obj
 0001:00023090       _sf_debug_mx_uint_vector   10024090 f   sfc_debugmsvc80:sfdb_data_browse.obj
 0001:00023110       _sf_debug_st_get_double_value_from_void_ptr_vector 10024110 f   sfc_debugmsvc80:sfdb_data_browse.obj
 0001:00023910       _sf_debug_st_browse_data   10024910 f   sfc_debugmsvc80:sfdb_data_browse.obj
 0001:00023fe0       _sf_debug_hm_initialize_instance 10024fe0 f   sfc_debugmsvc80:sfdb_handle_management.obj
 0001:00024490       _sf_debug_hm_get_object_id 10025490 f   sfc_debugmsvc80:sfdb_handle_management.obj
 0001:00024ec0       _sf_debug_hm_update_chart_visibility 10025ec0 f   sfc_debugmsvc80:sfdb_handle_management.obj
 0001:00025e80       _sf_debug_object_is_eml_function 10026e80 f   sfc_debugmsvc80:sfdb_handle_management.obj
 0001:00025ee0       _sf_debug_hm_initialize_ids_in_machine 10026ee0 f   sfc_debugmsvc80:sfdb_handle_management.obj
 0001:00026030       _sf_debug_hm_initialize_ids_in_chart 10027030 f   sfc_debugmsvc80:sfdb_handle_management.obj
 0001:00026120       _sf_debug_hm_initialize_chart 10027120 f   sfc_debugmsvc80:sfdb_handle_management.obj
 0001:000267c0       _sf_debug_hm_terminate     100277c0 f   sfc_debugmsvc80:sfdb_handle_management.obj
 0001:00026820       _sf_debug_hm_initialize_machine 10027820 f   sfc_debugmsvc80:sfdb_handle_management.obj
 0001:00026ee0       _sf_debug_ss_initialize    10027ee0 f   sfc_debugmsvc80:sfdb_symbol_scope.obj
 0001:00026f00       _sf_debug_ss_terminate     10027f00 f   sfc_debugmsvc80:sfdb_symbol_scope.obj
 0001:00026f80       _sf_debug_ss_push_symbol_scope 10027f80 f   sfc_debugmsvc80:sfdb_symbol_scope.obj
 0001:00027040       _sf_debug_ss_push_symbol_scope_eml 10028040 f   sfc_debugmsvc80:sfdb_symbol_scope.obj
 0001:00027090       _sf_debug_ss_pop_symbol_scope 10028090 f   sfc_debugmsvc80:sfdb_symbol_scope.obj
 0001:00027130       _sf_debug_ss_add_symbol    10028130 f   sfc_debugmsvc80:sfdb_symbol_scope.obj
 0001:00027220       _sf_debug_ss_add_symbol_eml 10028220 f   sfc_debugmsvc80:sfdb_symbol_scope.obj
 0001:00027b30       _sf_debug_ss_set_data_value 10028b30 f   sfc_debugmsvc80:sfdb_symbol_scope.obj
 0001:00027e80       _getInstanceNumber         10028e80 f   sfc_debugmsvc80:sfdb_symbol_scope.obj
 0001:00027f50       _sf_debug_ss_watch_data    10028f50 f   sfc_debugmsvc80:sfdb_symbol_scope.obj
 0001:00028040       _sf_debug_ss_assign_data   10029040 f   sfc_debugmsvc80:sfdb_symbol_scope.obj
 0001:000288e0       _get_data_entry_name       100298e0 f   sfc_debugmsvc80:sfdb_symbol_scope.obj
 0001:00028930       _sf_debug_ss_whos          10029930 f   sfc_debugmsvc80:sfdb_symbol_scope.obj
 0001:00028de0       _sf_debug_cc_initialize_chart 10029de0 f   sfc_debugmsvc80:sfdb_coverage.obj
 0001:000297b0       _sf_debug_cc_initialize_instance 1002a7b0 f   sfc_debugmsvc80:sfdb_coverage.obj
 0001:0002a410       _sf_debug_cc_terminate     1002b410 f   sfc_debugmsvc80:sfdb_coverage.obj
 0001:0002a4e0       _sf_debug_cc_set_transition_maps 1002b4e0 f   sfc_debugmsvc80:sfdb_coverage.obj
 0001:0002a5e0       _sf_debug_cc_set_state_maps 1002b5e0 f   sfc_debugmsvc80:sfdb_coverage.obj
 0001:0002a6b0       _sf_debug_cc_set_transition_weights 1002b6b0 f   sfc_debugmsvc80:sfdb_coverage.obj
 0001:0002a8f0       _sf_debug_cc_set_state_weights 1002b8f0 f   sfc_debugmsvc80:sfdb_coverage.obj
 0001:0002ab30       _sf_debug_cc_mark_transition_guard 1002bb30 f   sfc_debugmsvc80:sfdb_coverage.obj
 0001:0002abb0       _sf_debug_cc_mark_transition_trigger 1002bbb0 f   sfc_debugmsvc80:sfdb_coverage.obj
 0001:0002ac30       _sf_debug_cc_mark_transition_decision 1002bc30 f   sfc_debugmsvc80:sfdb_coverage.obj
 0001:0002ac90       _sf_debug_cc_mark_transition_condition_action 1002bc90 f   sfc_debugmsvc80:sfdb_coverage.obj
 0001:0002ace0       _sf_debug_cc_mark_transition_transition_action 1002bce0 f   sfc_debugmsvc80:sfdb_coverage.obj
 0001:0002ad30       _sf_debug_cc_mark_state_entry 1002bd30 f   sfc_debugmsvc80:sfdb_coverage.obj
 0001:0002ad80       _sf_debug_cc_mark_state_during 1002bd80 f   sfc_debugmsvc80:sfdb_coverage.obj
 0001:0002add0       _sf_debug_cc_mark_state_exit 1002bdd0 f   sfc_debugmsvc80:sfdb_coverage.obj
 0001:0002ae20       _sf_debug_bm_clear_script_breakpoints 1002be20 f   sfc_debugmsvc80:sfdb_breakpoints.obj
 0001:0002ae60       _sf_debug_bm_set_script_breakpoint 1002be60 f   sfc_debugmsvc80:sfdb_breakpoints.obj
 0001:0002aed0       _sf_debug_bm_clear_single_script_breakpoint 1002bed0 f   sfc_debugmsvc80:sfdb_breakpoints.obj
 0001:0002af40       _sf_debug_bm_query_script_breakpoint 1002bf40 f   sfc_debugmsvc80:sfdb_breakpoints.obj
 0001:0002af90       _sf_debug_bm_initialize_scripts 1002bf90 f   sfc_debugmsvc80:sfdb_breakpoints.obj
 0001:0002b530       _sf_debug_bm_terminate     1002c530 f   sfc_debugmsvc80:sfdb_breakpoints.obj
 0001:0002b7f0       _sf_debug_bm_remove_all_breakpoints_in_machine 1002c7f0 f   sfc_debugmsvc80:sfdb_breakpoints.obj
 0001:0002b840       _sf_debug_bm_remove_all_breakpoints_in_chart 1002c840 f   sfc_debugmsvc80:sfdb_breakpoints.obj
 0001:0002b970       _sf_debug_bm_initialize_global_breakpoints 1002c970 f   sfc_debugmsvc80:sfdb_breakpoints.obj
 0001:0002bb20       _sf_debug_bm_set_breakpoint 1002cb20 f   sfc_debugmsvc80:sfdb_breakpoints.obj
 0001:0002c080       _sf_debug_bm_set_eml_breakpoint 1002d080 f   sfc_debugmsvc80:sfdb_breakpoints.obj
 0001:0002c100       _sf_debug_bm_initialize_machine_breakpoint_map 1002d100 f   sfc_debugmsvc80:sfdb_breakpoints.obj
 0001:0002c4a0       _sf_debug_bm_is_a_breakpoint 1002d4a0 f   sfc_debugmsvc80:sfdb_breakpoints.obj
 0001:0002c990       _sf_debug_bm_get_all_breakpoints_in_machine 1002d990 f   sfc_debugmsvc80:sfdb_breakpoints.obj
 0001:0002cc30       _sf_debug_bm_get_all_breakpoints_in_chart 1002dc30 f   sfc_debugmsvc80:sfdb_breakpoints.obj
 0001:0002d660       _sf_debug_bm_initialize_machine 1002e660 f   sfc_debugmsvc80:sfdb_breakpoints.obj
 0001:0002d700       _sf_debug_bm_initialize_chart 1002e700 f   sfc_debugmsvc80:sfdb_breakpoints.obj
 0001:0002da90       _sf_debug_sc_terminate     1002ea90 f   sfc_debugmsvc80:sfdb_state_consistency.obj
 0001:0002dd10       _sf_debug_sc_is_chart_consistent 1002ed10 f   sfc_debugmsvc80:sfdb_state_consistency.obj
 0001:0002def0       _sf_debug_sc_get_consistency_error_info 1002eef0 f   sfc_debugmsvc80:sfdb_state_consistency.obj
 0001:0002e250       _sf_debug_tm_terminate     1002f250 f   sfc_debugmsvc80:sfdb_call_stack.obj
 0001:0002e2f0       _sf_debug_tm_push_chart_instance 1002f2f0 f   sfc_debugmsvc80:sfdb_call_stack.obj
 0001:0002e420       _sf_debug_tm_pop_chart_instance 1002f420 f   sfc_debugmsvc80:sfdb_call_stack.obj
 0001:0002e480       _sf_debug_tm_push_trace_node 1002f480 f   sfc_debugmsvc80:sfdb_call_stack.obj
 0001:0002e590       _sf_debug_tm_pop_trace_node 1002f590 f   sfc_debugmsvc80:sfdb_call_stack.obj
 0001:0002e610       _sf_debug_tm_get_current_global_trace_index 1002f610 f   sfc_debugmsvc80:sfdb_call_stack.obj
 0001:0002e630       _sf_debug_tm_get_current_local_trace_index 1002f630 f   sfc_debugmsvc80:sfdb_call_stack.obj
 0001:0002e660       _sf_debug_tm_set_cycle_detected_flag 1002f660 f   sfc_debugmsvc80:sfdb_call_stack.obj
 0001:0002e6b0       _sf_debug_tm_set_cycle_started_flag 1002f6b0 f   sfc_debugmsvc80:sfdb_call_stack.obj
 0001:0002e700       _sf_debug_tm_get_chart_number_from_stack 1002f700 f   sfc_debugmsvc80:sfdb_call_stack.obj
 0001:0002e8a0       _sf_debug_tm_browse_trace  1002f8a0 f   sfc_debugmsvc80:sfdb_call_stack.obj
 0001:0002eb10       _sf_debug_cd_initialize_instance 1002fb10 f   sfc_debugmsvc80:sfdb_cycle_detection.obj
 0001:0002ed40       _sf_debug_cd_mark_processed_transition_in_instance 1002fd40 f   sfc_debugmsvc80:sfdb_cycle_detection.obj
 0001:0002edc0       _sf_debug_cd_checksum_push 1002fdc0 f   sfc_debugmsvc80:sfdb_cycle_detection.obj
 0001:0002f0c0       _sf_debug_cd_checksum_pop  100300c0 f   sfc_debugmsvc80:sfdb_cycle_detection.obj
 0001:0002f120       _sf_debug_cd_turn_off_cycle_detection 10030120 f   sfc_debugmsvc80:sfdb_cycle_detection.obj
 0001:0002f170       _sf_debug_cd_terminate     10030170 f   sfc_debugmsvc80:sfdb_cycle_detection.obj
 0001:0002f340       _md5_initialize_state      10030340 f   sfc_debugmsvc80:ckmd5.obj
 0001:0002fbd0       _md5_update_state          10030bd0 f   sfc_debugmsvc80:ckmd5.obj
 0001:0002fbf0       _md5_get_hash              10030bf0 f   sfc_debugmsvc80:ckmd5.obj
 0001:0002fc10       _md5_get_hash_for_a_single_string 10030c10 f   sfc_debugmsvc80:ckmd5.obj
 0001:0002fc7a       _mxGetPr                   10030c7a f   libmx:libmx.dll
 0001:0002fc80       _mxCreateDoubleScalar      10030c80 f   libmx:libmx.dll
 0001:0002fc86       _mxCreateDoubleMatrix_730  10030c86 f   libmx:libmx.dll
 0001:0002fc8c       _mxSetField_730            10030c8c f   libmx:libmx.dll
 0001:0002fc92       _mxCreateString            10030c92 f   libmx:libmx.dll
 0001:0002fc98       _mxCreateStructMatrix_730  10030c98 f   libmx:libmx.dll
 0001:0002fc9e       _mxDestroyArray            10030c9e f   libmx:libmx.dll
 0001:0002fca4       _mxDuplicateArray          10030ca4 f   libmx:libmx.dll
 0001:0002fcaa       _mxGetString_730           10030caa f   libmx:libmx.dll
 0001:0002fcb0       _mxIsChar                  10030cb0 f   libmx:libmx.dll
 0001:0002fcb6       _mxGetClassID              10030cb6 f   libmx:libmx.dll
 0001:0002fcbc       _mxIsNumeric               10030cbc f   libmx:libmx.dll
 0001:0002fcc2       _mxIsComplex               10030cc2 f   libmx:libmx.dll
 0001:0002fcc8       _mxGetN                    10030cc8 f   libmx:libmx.dll
 0001:0002fcce       _mxGetM                    10030cce f   libmx:libmx.dll
 0001:0002fcd4       _mxCalloc                  10030cd4 f   libmx:libmx.dll
 0001:0002fcda       _mxGetScalar               10030cda f   libmx:libmx.dll
 0001:0002fce0       _mxIsLogical               10030ce0 f   libmx:libmx.dll
 0001:0002fce6       _mxCreateDoubleMatrix_700  10030ce6 f   libmx:libmx.dll
 0001:0002fcec       _mxFree                    10030cec f   libmx:libmx.dll
 0001:0002fcf2       _mxArrayToString           10030cf2 f   libmx:libmx.dll
 0001:0002fcf8       _mxCreateCellMatrix_700    10030cf8 f   libmx:libmx.dll
 0001:0002fcfe       _mxSetCell_700             10030cfe f   libmx:libmx.dll
 0001:0002fd04       _mxGetCell_700             10030d04 f   libmx:libmx.dll
 0001:0002fd0a       _mxGetClassName            10030d0a f   libmx:libmx.dll
 0001:0002fd10       _mxSetField_700            10030d10 f   libmx:libmx.dll
 0001:0002fd16       _mxAddField                10030d16 f   libmx:libmx.dll
 0001:0002fd1c       _mxGetField_700            10030d1c f   libmx:libmx.dll
 0001:0002fd22       _mxGetNumberOfElements     10030d22 f   libmx:libmx.dll
 0001:0002fd28       _mxIsStruct                10030d28 f   libmx:libmx.dll
 0001:0002fd2e       _mxIsA                     10030d2e f   libmx:libmx.dll
 0001:0002fd34       _mxIsClass                 10030d34 f   libmx:libmx.dll
 0001:0002fd3a       _mxGetLogicals             10030d3a f   libmx:libmx.dll
 0001:0002fd40       _mxIsSparse                10030d40 f   libmx:libmx.dll
 0001:0002fd46       _mxSetFieldByNumber_700    10030d46 f   libmx:libmx.dll
 0001:0002fd4c       _mxGetFieldByNumber_700    10030d4c f   libmx:libmx.dll
 0001:0002fd52       _mxGetFieldNameByNumber    10030d52 f   libmx:libmx.dll
 0001:0002fd58       _mxGetNumberOfFields       10030d58 f   libmx:libmx.dll
 0001:0002fd5e       _mxCreateStructMatrix_700  10030d5e f   libmx:libmx.dll
 0001:0002fd64       _mxGetFieldNumber          10030d64 f   libmx:libmx.dll
 0001:0002fd6a       _mxIsNaN                   10030d6a f   libmx:libmx.dll
 0001:0002fd70       _mxIsEmpty                 10030d70 f   libmx:libmx.dll
 0001:0002fd76       _mxGetData                 10030d76 f   libmx:libmx.dll
 0001:0002fd7c       _mxGetImagData             10030d7c f   libmx:libmx.dll
 0001:0002fd82       _mxArrayClassIDName        10030d82 f   libmx:libmx.dll
 0001:0002fd88       _mxCreateNumericMatrix_700 10030d88 f   libmx:libmx.dll
 0001:0002fd8e       _mxCreateStructArray_700   10030d8e f   libmx:libmx.dll
 0001:0002fd94       _mxCalcSingleSubscript_700 10030d94 f   libmx:libmx.dll
 0001:0002fd9a       _mxGetDimensions_700       10030d9a f   libmx:libmx.dll
 0001:0002fda0       _mxGetNumberOfDimensions_700 10030da0 f   libmx:libmx.dll
 0001:0002fda6       _mxCreateNumericArray_700  10030da6 f   libmx:libmx.dll
 0001:0002fdac       _mxGetElementSize          10030dac f   libmx:libmx.dll
 0001:0002fdb2       _mxCreateStringFromNChars_700 10030db2 f   libmx:libmx.dll
 0001:0002fdb8       _mxGetString_700           10030db8 f   libmx:libmx.dll
 0001:0002fdbe       _mxIsLogicalScalarTrue     10030dbe f   libmx:libmx.dll
 0001:0002fdc4       _mxCreateLogicalScalar     10030dc4 f   libmx:libmx.dll
 0001:0002fdca       _mexUnlock                 10030dca f   libmex:libmex.dll
 0001:0002fdd0       _mexIsLocked               10030dd0 f   libmex:libmex.dll
 0001:0002fdd6       _mexWarnMsgTxt             10030dd6 f   libmex:libmex.dll
 0001:0002fddc       _mexCallMATLAB             10030ddc f   libmex:libmex.dll
 0001:0002fde2       _mexErrMsgTxt              10030de2 f   libmex:libmex.dll
 0001:0002fde8       _mexMakeArrayPersistent    10030de8 f   libmex:libmex.dll
 0001:0002fdee       _mexSetTrapFlag            10030dee f   libmex:libmex.dll
 0001:0002fdf4       _mexPutVariable            10030df4 f   libmex:libmex.dll
 0001:0002fdfa       _mexGetVariable            10030dfa f   libmex:libmex.dll
 0001:0002fe00       _mexLock                   10030e00 f   libmex:libmex.dll
 0001:0002fe06       _mexMakeMemoryPersistent   10030e06 f   libmex:libmex.dll
 0001:0002fe0c       _mexFunctionName           10030e0c f   libmex:libmex.dll
 0001:0002fe12       _ssRegisterDataTypeFxpFSlopeFixExpBias 10030e12 f   libfixedpoint:libfixedpoint.dll
 0001:0002fe18       _utVSNprintf               10030e18 f   libut:libut.dll
 0001:0002fe1e       _utCPUtime                 10030e1e f   libut:libut.dll
 0001:0002fe24       _utFree                    10030e24 f   libut:libut.dll
 0001:0002fe2a       _utMalloc                  10030e2a f   libut:libut.dll
 0001:0002fe30       _muDoubleScalarPower       10030e30 f   libmwmathutil:libmwmathutil.dll
 0001:0002fe36       _emlrtCreateRootTLS        10030e36 f   libemlrt:libemlrt.dll
 0001:0002fe3c       _emlrtDestroyRootTLS       10030e3c f   libemlrt:libemlrt.dll
 0001:0002fe42       _emlrtCheckBuiltInR2012b   10030e42 f   libemlrt:libemlrt.dll
 0001:0002fe48       _emlrtCheckVsBuiltInR2012b 10030e48 f   libemlrt:libemlrt.dll
 0001:0002fe4e       _emlrtCheckEnumR2012b      10030e4e f   libemlrt:libemlrt.dll
 0001:0002fe54       _emlrtCreateEnumR2012b     10030e54 f   libemlrt:libemlrt.dll
 0001:0002fe5a       _emlrtGetEnumElementR2009a 10030e5a f   libemlrt:libemlrt.dll
 0001:0002fe60       _emlrtCreateReference      10030e60 f   libemlrt:libemlrt.dll
 0001:0002fe66       _emlrtImportVsFiArrayR2009b 10030e66 f   libemlrt:libemlrt.dll
 0001:0002fe6c       _emlrtNameCapturePostProcessR2012a 10030e6c f   libemlrt:libemlrt.dll
 0001:0002fe72       _emlrtExtractMessageId     10030e72 f   libemlrt:libemlrt.dll
 0001:0002fe78       _emlrtTranslateMessageIDtoLCPstring 10030e78 f   libemlrt:libemlrt.dll
 0001:0002fe7e       _emlrtForLoopVectorIsValidR2011b 10030e7e f   libemlrt:libemlrt.dll
 0001:0002fe84       _emlrtTranslateUTF16MessagetoLCPstring 10030e84 f   libemlrt:libemlrt.dll
 0001:0002fe8a       _emlrtGetEnumUnderlyingArrayR2009a 10030e8a f   libemlrt:libemlrt.dll
 0001:0002fe90       _emlrtIsEnumR2009a         10030e90 f   libemlrt:libemlrt.dll
 0001:0002fe96       _strlen                    10030e96 f   MSVCRT:MSVCR100.dll
 0001:0002fe9c       @__security_check_cookie@4 10030e9c f   MSVCRT:secchk.obj
 0001:0002feb0       _memset                    10030eb0 f   MSVCRT:MSVCR100.dll
 0001:0002feb6       _malloc                    10030eb6 f   MSVCRT:MSVCR100.dll
 0001:0002fec0       __alloca_probe             10030ec0     MSVCRT:chkstk.obj
 0001:0002fec0       __chkstk                   10030ec0 f   MSVCRT:chkstk.obj
 0001:0002fef0       __ftol2_sse                10030ef0 f   MSVCRT:ftol2.obj
 0001:0002fef9       __ftol2_pentium4           10030ef9 f   MSVCRT:ftol2.obj
 0001:0002ff0c       __ftol2_sse_excpt          10030f0c f   MSVCRT:ftol2.obj
 0001:0002ff26       __ftol2                    10030f26 f   MSVCRT:ftol2.obj
 0001:0002ff9c       _free                      10030f9c f   MSVCRT:MSVCR100.dll
 0001:0002ffa2       _strcmp                    10030fa2 f   MSVCRT:MSVCR100.dll
 0001:0002ffa8       _sprintf                   10030fa8 f   MSVCRT:MSVCR100.dll
 0001:0002ffae       _strcat                    10030fae f   MSVCRT:MSVCR100.dll
 0001:0002ffb4       _memcpy                    10030fb4 f   MSVCRT:MSVCR100.dll
 0001:0002ffba       _NtCurrentTeb              10030fba f i MSVCRT:crtdll.obj
 0001:0003000f       __CRT_INIT@12              1003100f f   MSVCRT:crtdll.obj
 0001:0003032f       __DllMainCRTStartup@12     1003132f f   MSVCRT:crtdll.obj
 0001:00030352       _strncpy                   10031352 f   MSVCRT:MSVCR100.dll
 0001:00030358       _longjmp                   10031358 f   MSVCRT:MSVCR100.dll
 0001:0003035e       _strncmp                   1003135e f   MSVCRT:MSVCR100.dll
 0001:00030364       _ceil                      10031364 f   MSVCRT:MSVCR100.dll
 0001:0003036a       _strrchr                   1003136a f   MSVCRT:MSVCR100.dll
 0001:00030370       __setjmp3                  10031370 f   MSVCRT:MSVCR100.dll
 0001:00030376       _calloc                    10031376 f   MSVCRT:MSVCR100.dll
 0001:0003037c       _realloc                   1003137c f   MSVCRT:MSVCR100.dll
 0001:00030382       _ldexp                     10031382 f   MSVCRT:MSVCR100.dll
 0001:00030388       ___report_gsfailure        10031388 f   MSVCRT:gs_report.obj
 0001:0003048e       ___sse2_available_init     1003148e f   MSVCRT:cpu_disp.obj
 0001:0003049e       ___clean_type_info_names   1003149e f   MSVCRT:tncleanup.obj
 0001:000304aa       __onexit                   100314aa f   MSVCRT:atonexit.obj
 0001:0003054b       _atexit                    1003154b f   MSVCRT:atonexit.obj
 0001:00030562       __RTC_Initialize           10031562 f   MSVCRT:_initsect_.obj
 0001:00030588       __RTC_Terminate            10031588 f   MSVCRT:_initsect_.obj
 0001:000305ae       __malloc_crt               100315ae f   MSVCRT:MSVCR100.dll
 0001:000305b4       __encoded_null             100315b4 f   MSVCRT:MSVCR100.dll
 0001:000305c0       __ValidateImageBase        100315c0 f   MSVCRT:pesect.obj
 0001:00030600       __FindPESection            10031600 f   MSVCRT:pesect.obj
 0001:00030650       __IsNonwritableInCurrentImage 10031650 f   MSVCRT:pesect.obj
 0001:0003070c       __initterm                 1003170c f   MSVCRT:MSVCR100.dll
 0001:00030712       __initterm_e               10031712 f   MSVCRT:MSVCR100.dll
 0001:00030718       __amsg_exit                10031718 f   MSVCRT:MSVCR100.dll
 0001:0003071e       ___CppXcptFilter           1003171e f   MSVCRT:MSVCR100.dll
 0001:00030724       _DllMain@12                10031724 f   MSVCRT:dllmain.obj
 0001:00030750       __SEH_prolog4              10031750 f   MSVCRT:sehprolg4.obj
 0001:00030795       __SEH_epilog4              10031795 f   MSVCRT:sehprolg4.obj
 0001:000307a9       __except_handler4          100317a9 f   MSVCRT:chandler4gs.obj
 0001:000307ce       ___security_init_cookie    100317ce f   MSVCRT:gs_support.obj
 0001:0003086a       __crt_debugger_hook        1003186a f   MSVCRT:MSVCR100.dll
 0001:00030870       ___clean_type_info_names_internal 10031870 f   MSVCRT:MSVCR100.dll
 0001:00030876       __unlock                   10031876 f   MSVCRT:MSVCR100.dll
 0001:0003087c       ___dllonexit               1003187c f   MSVCRT:MSVCR100.dll
 0001:00030882       __lock                     10031882 f   MSVCRT:MSVCR100.dll
 0001:00030888       __except_handler4_common   10031888 f   MSVCRT:MSVCR100.dll
 0001:0003088e       _EncodePointer@4           1003188e f   kernel32:KERNEL32.dll
 0001:00030894       _DecodePointer@4           10031894 f   kernel32:KERNEL32.dll
 0001:0003089a       _InterlockedExchange@8     1003189a f   kernel32:KERNEL32.dll
 0001:000308a0       _Sleep@4                   100318a0 f   kernel32:KERNEL32.dll
 0001:000308a6       _InterlockedCompareExchange@12 100318a6 f   kernel32:KERNEL32.dll
 0001:000308ac       _TerminateProcess@8        100318ac f   kernel32:KERNEL32.dll
 0001:000308b2       _GetCurrentProcess@0       100318b2 f   kernel32:KERNEL32.dll
 0001:000308b8       _UnhandledExceptionFilter@4 100318b8 f   kernel32:KERNEL32.dll
 0001:000308be       _SetUnhandledExceptionFilter@4 100318be f   kernel32:KERNEL32.dll
 0001:000308c4       _IsDebuggerPresent@0       100318c4 f   kernel32:KERNEL32.dll
 0001:000308ca       _IsProcessorFeaturePresent@4 100318ca f   kernel32:KERNEL32.dll
 0001:000308d0       _DisableThreadLibraryCalls@4 100318d0 f   kernel32:KERNEL32.dll
 0001:000308d6       _QueryPerformanceCounter@4 100318d6 f   kernel32:KERNEL32.dll
 0001:000308dc       _GetTickCount@0            100318dc f   kernel32:KERNEL32.dll
 0001:000308e2       _GetCurrentThreadId@0      100318e2 f   kernel32:KERNEL32.dll
 0001:000308e8       _GetCurrentProcessId@0     100318e8 f   kernel32:KERNEL32.dll
 0001:000308ee       _GetSystemTimeAsFileTime@4 100318ee f   kernel32:KERNEL32.dll
 0002:00000000       __imp__DisableThreadLibraryCalls@4 10032000     kernel32:KERNEL32.dll
 0002:00000004       __imp__IsProcessorFeaturePresent@4 10032004     kernel32:KERNEL32.dll
 0002:00000008       __imp__IsDebuggerPresent@0 10032008     kernel32:KERNEL32.dll
 0002:0000000c       __imp__SetUnhandledExceptionFilter@4 1003200c     kernel32:KERNEL32.dll
 0002:00000010       __imp__UnhandledExceptionFilter@4 10032010     kernel32:KERNEL32.dll
 0002:00000014       __imp__GetCurrentProcess@0 10032014     kernel32:KERNEL32.dll
 0002:00000018       __imp__TerminateProcess@8  10032018     kernel32:KERNEL32.dll
 0002:0000001c       __imp__InterlockedCompareExchange@12 1003201c     kernel32:KERNEL32.dll
 0002:00000020       __imp__Sleep@4             10032020     kernel32:KERNEL32.dll
 0002:00000024       __imp__InterlockedExchange@8 10032024     kernel32:KERNEL32.dll
 0002:00000028       __imp__DecodePointer@4     10032028     kernel32:KERNEL32.dll
 0002:0000002c       __imp__EncodePointer@4     1003202c     kernel32:KERNEL32.dll
 0002:00000030       __imp__GetTickCount@0      10032030     kernel32:KERNEL32.dll
 0002:00000034       __imp__GetCurrentThreadId@0 10032034     kernel32:KERNEL32.dll
 0002:00000038       __imp__GetCurrentProcessId@0 10032038     kernel32:KERNEL32.dll
 0002:0000003c       __imp__GetSystemTimeAsFileTime@4 1003203c     kernel32:KERNEL32.dll
 0002:00000040       __imp__QueryPerformanceCounter@4 10032040     kernel32:KERNEL32.dll
 0002:00000044       \177KERNEL32_NULL_THUNK_DATA 10032044     kernel32:KERNEL32.dll
 0002:00000048       __imp__memcpy              10032048     MSVCRT:MSVCR100.dll
 0002:0000004c       __imp___except_handler4_common 1003204c     MSVCRT:MSVCR100.dll
 0002:00000050       __imp___onexit             10032050     MSVCRT:MSVCR100.dll
 0002:00000054       __imp___lock               10032054     MSVCRT:MSVCR100.dll
 0002:00000058       __imp____dllonexit         10032058     MSVCRT:MSVCR100.dll
 0002:0000005c       __imp___unlock             1003205c     MSVCRT:MSVCR100.dll
 0002:00000060       __imp____clean_type_info_names_internal 10032060     MSVCRT:MSVCR100.dll
 0002:00000064       __imp___crt_debugger_hook  10032064     MSVCRT:MSVCR100.dll
 0002:00000068       __imp____CppXcptFilter     10032068     MSVCRT:MSVCR100.dll
 0002:0000006c       __imp___amsg_exit          1003206c     MSVCRT:MSVCR100.dll
 0002:00000070       __imp___initterm_e         10032070     MSVCRT:MSVCR100.dll
 0002:00000074       __imp___initterm           10032074     MSVCRT:MSVCR100.dll
 0002:00000078       __imp___encoded_null       10032078     MSVCRT:MSVCR100.dll
 0002:0000007c       __imp___malloc_crt         1003207c     MSVCRT:MSVCR100.dll
 0002:00000080       __imp__ldexp               10032080     MSVCRT:MSVCR100.dll
 0002:00000084       __imp__realloc             10032084     MSVCRT:MSVCR100.dll
 0002:00000088       __imp__calloc              10032088     MSVCRT:MSVCR100.dll
 0002:0000008c       __imp___setjmp3            1003208c     MSVCRT:MSVCR100.dll
 0002:00000090       __imp__strrchr             10032090     MSVCRT:MSVCR100.dll
 0002:00000094       __imp__ceil                10032094     MSVCRT:MSVCR100.dll
 0002:00000098       __imp__strncmp             10032098     MSVCRT:MSVCR100.dll
 0002:0000009c       __imp__longjmp             1003209c     MSVCRT:MSVCR100.dll
 0002:000000a0       __imp__strncpy             100320a0     MSVCRT:MSVCR100.dll
 0002:000000a4       __imp__memset              100320a4     MSVCRT:MSVCR100.dll
 0002:000000a8       __imp__strcat              100320a8     MSVCRT:MSVCR100.dll
 0002:000000ac       __imp__sprintf             100320ac     MSVCRT:MSVCR100.dll
 0002:000000b0       __imp__strcmp              100320b0     MSVCRT:MSVCR100.dll
 0002:000000b4       __imp__free                100320b4     MSVCRT:MSVCR100.dll
 0002:000000b8       __imp__malloc              100320b8     MSVCRT:MSVCR100.dll
 0002:000000bc       __imp__strlen              100320bc     MSVCRT:MSVCR100.dll
 0002:000000c0       \177MSVCR100_NULL_THUNK_DATA 100320c0     MSVCRT:MSVCR100.dll
 0002:000000c4       __imp__emlrtCreateRootTLS  100320c4     libemlrt:libemlrt.dll
 0002:000000c8       __imp__emlrtIsEnumR2009a   100320c8     libemlrt:libemlrt.dll
 0002:000000cc       __imp__emlrtGetEnumUnderlyingArrayR2009a 100320cc     libemlrt:libemlrt.dll
 0002:000000d0       __imp__emlrtTranslateUTF16MessagetoLCPstring 100320d0     libemlrt:libemlrt.dll
 0002:000000d4       __imp__emlrtForLoopVectorIsValidR2011b 100320d4     libemlrt:libemlrt.dll
 0002:000000d8       __imp__emlrtTranslateMessageIDtoLCPstring 100320d8     libemlrt:libemlrt.dll
 0002:000000dc       __imp__emlrtExtractMessageId 100320dc     libemlrt:libemlrt.dll
 0002:000000e0       __imp__emlrtNameCapturePostProcessR2012a 100320e0     libemlrt:libemlrt.dll
 0002:000000e4       __imp__emlrtImportVsFiArrayR2009b 100320e4     libemlrt:libemlrt.dll
 0002:000000e8       __imp__emlrtCreateReference 100320e8     libemlrt:libemlrt.dll
 0002:000000ec       __imp__emlrtGetEnumElementR2009a 100320ec     libemlrt:libemlrt.dll
 0002:000000f0       __imp__emlrtCreateEnumR2012b 100320f0     libemlrt:libemlrt.dll
 0002:000000f4       __imp__emlrtCheckEnumR2012b 100320f4     libemlrt:libemlrt.dll
 0002:000000f8       __imp__emlrtCheckVsBuiltInR2012b 100320f8     libemlrt:libemlrt.dll
 0002:000000fc       __imp__emlrtCheckBuiltInR2012b 100320fc     libemlrt:libemlrt.dll
 0002:00000100       __imp__emlrtDestroyRootTLS 10032100     libemlrt:libemlrt.dll
 0002:00000104       \177libemlrt_NULL_THUNK_DATA 10032104     libemlrt:libemlrt.dll
 0002:00000108       __imp__ssRegisterDataTypeFxpFSlopeFixExpBias 10032108     libfixedpoint:libfixedpoint.dll
 0002:0000010c       \177libfixedpoint_NULL_THUNK_DATA 1003210c     libfixedpoint:libfixedpoint.dll
 0002:00000110       __imp__mexFunctionName     10032110     libmex:libmex.dll
 0002:00000114       __imp__mexIsLocked         10032114     libmex:libmex.dll
 0002:00000118       __imp__mexMakeMemoryPersistent 10032118     libmex:libmex.dll
 0002:0000011c       __imp__mexWarnMsgTxt       1003211c     libmex:libmex.dll
 0002:00000120       __imp__mexCallMATLAB       10032120     libmex:libmex.dll
 0002:00000124       __imp__mexErrMsgTxt        10032124     libmex:libmex.dll
 0002:00000128       __imp__mexMakeArrayPersistent 10032128     libmex:libmex.dll
 0002:0000012c       __imp__mexSetTrapFlag      1003212c     libmex:libmex.dll
 0002:00000130       __imp__mexPutVariable      10032130     libmex:libmex.dll
 0002:00000134       __imp__mexUnlock           10032134     libmex:libmex.dll
 0002:00000138       __imp__mexLock             10032138     libmex:libmex.dll
 0002:0000013c       __imp__mexGetVariable      1003213c     libmex:libmex.dll
 0002:00000140       \177libmex_NULL_THUNK_DATA 10032140     libmex:libmex.dll
 0002:00000144       __imp__muDoubleScalarPower 10032144     libmwmathutil:libmwmathutil.dll
 0002:00000148       \177libmwmathutil_NULL_THUNK_DATA 10032148     libmwmathutil:libmwmathutil.dll
 0002:0000014c       __imp__mxCalloc            1003214c     libmx:libmx.dll
 0002:00000150       __imp__mxGetScalar         10032150     libmx:libmx.dll
 0002:00000154       __imp__mxGetPr             10032154     libmx:libmx.dll
 0002:00000158       __imp__mxIsLogical         10032158     libmx:libmx.dll
 0002:0000015c       __imp__mxGetM              1003215c     libmx:libmx.dll
 0002:00000160       __imp__mxGetN              10032160     libmx:libmx.dll
 0002:00000164       __imp__mxCreateLogicalScalar 10032164     libmx:libmx.dll
 0002:00000168       __imp__mxIsLogicalScalarTrue 10032168     libmx:libmx.dll
 0002:0000016c       __imp__mxGetString_700     1003216c     libmx:libmx.dll
 0002:00000170       __imp__mxCreateStringFromNChars_700 10032170     libmx:libmx.dll
 0002:00000174       __imp__mxGetElementSize    10032174     libmx:libmx.dll
 0002:00000178       __imp__mxCreateNumericArray_700 10032178     libmx:libmx.dll
 0002:0000017c       __imp__mxGetNumberOfDimensions_700 1003217c     libmx:libmx.dll
 0002:00000180       __imp__mxGetDimensions_700 10032180     libmx:libmx.dll
 0002:00000184       __imp__mxCalcSingleSubscript_700 10032184     libmx:libmx.dll
 0002:00000188       __imp__mxCreateStructArray_700 10032188     libmx:libmx.dll
[...]
 0001:0000dc60       _sfIsRowVector             1000ec60 f   sfc_mexmsvc80:sfc_mex.obj
 0001:0000dd90       _sf_ExtractMessageId       1000ed90 f   sfc_mexmsvc80:sfc_mex.obj
 0001:0000dfd0       _sf_mex_err                1000efd0 f   sfc_mexmsvc80:sfc_mex.obj
 0001:0000e060       _sf_error_dimension_out_of_bound 1000f060 f   sfc_mexmsvc80:sfc_mex.obj
 0001:0000e100       _sf_mex_check_and_set_actual_dimensions 1000f100 f   sfc_mexmsvc80:sfc_mex.obj
 0001:0000e280       _sf_mex_check_complex      1000f280 f   sfc_mexmsvc80:sfc_mex.obj
 0001:0000e2f0       _sf_mex_check_sparse       1000f2f0 f   sfc_mexmsvc80:sfc_mex.obj
 0001:0000e330       _sf_mex_check_numerictype  1000f330 f   sfc_mexmsvc80:sfc_mex.obj
 0001:0000e3c0       _sf_mex_check_fimath       1000f3c0 f   sfc_mexmsvc80:sfc_mex.obj
 0001:0000eac0       _size_mismatch_error       1000fac0 f   sfc_mexmsvc80:sfc_mex.obj
 0001:0000f310       _check_array_dimensions    10010310 f   sfc_mexmsvc80:sfc_mex.obj
 0001:0000f360       _check_input_mxarray       10010360 f   sfc_mexmsvc80:sfc_mex.obj
 0001:0000fa00       _sf_numeric_value_to_double 10010a00 f   sfc_mexmsvc80:sfc_mex.obj
 0001:0000fa40       _ml_generic_out_of_bounds_check 10010a40 f   sfc_mexmsvc80:sfc_mex.obj
 0001:0000fbd0       _ml_get_element_value_from_array 10010bd0 f   sfc_mexmsvc80:sfc_mex.obj
 0001:000100a0       __ml_generic_castability_check 100110a0 f   sfc_mexmsvc80:sfc_mex.obj
 0001:00010930       _ml_generic_castability_check 10011930 f   sfc_mexmsvc80:sfc_mex.obj
 0001:00010990       _ml_check_mx_array_for_single_castability 10011990 f   sfc_mexmsvc80:sfc_mex.obj
 0001:00010a00       _ml_check_mx_array_for_logical_castability 10011a00 f   sfc_mexmsvc80:sfc_mex.obj
 0001:00010a60       _ml_check_mx_array_for_int8_castability 10011a60 f   sfc_mexmsvc80:sfc_mex.obj
 0001:00010af0       _ml_check_mx_array_for_uint8_castability 10011af0 f   sfc_mexmsvc80:sfc_mex.obj
 0001:00010b60       _ml_check_mx_array_for_int16_castability 10011b60 f   sfc_mexmsvc80:sfc_mex.obj
 0001:00010bd0       _ml_check_mx_array_for_uint16_castability 10011bd0 f   sfc_mexmsvc80:sfc_mex.obj
 0001:00010c40       _ml_check_mx_array_for_int32_castability 10011c40 f   sfc_mexmsvc80:sfc_mex.obj
 0001:00010cb0       _ml_check_mx_array_for_uint32_castability 10011cb0 f   sfc_mexmsvc80:sfc_mex.obj
 0001:00010d20       _ml_check_mx_array_for_castability 10011d20 f   sfc_mexmsvc80:sfc_mex.obj
 0001:000113a0       _set_data_value            100123a0 f   sfc_mexmsvc80:sfc_mex.obj
 0001:00011870       _get_data_value            10012870 f   sfc_mexmsvc80:sfc_mex.obj
 0001:00011970       _get_next_element_address  10012970 f   sfc_mexmsvc80:sfc_mex.obj
 0001:00011a10       _sf_normalize_index        10012a10 f   sfc_mexmsvc80:sfc_mex.obj
 0001:00011ca0       _ml_array_index_bound_check 10012ca0 f   sfc_mexmsvc80:sfc_mex.obj
 0001:00012570       _mx_value                  10013570 f   sfc_mexmsvc80:sfc_mex.obj
 0001:000125c0       _sf_create_numeric_array   100135c0 f   sfc_mexmsvc80:sfc_mex.obj
 0001:00012640       _sf_mex_assign_to_mx_array 10013640 f   sfc_mexmsvc80:sfc_mex.obj
 0001:000128a0       _assign_from_mx_array      100138a0 f   sfc_mexmsvc80:sfc_mex.obj
 0001:00013060       _sf_mex_import_v           10014060 f   sfc_mexmsvc80:sfc_mex.obj
 0001:00013510       _get_machine_and_chart_file_number 10014510 f   sfc_mexmsvc80:sfc_sf.obj
 0001:000135d0       _get_sfun_block_specialization 100145d0 f   sfc_mexmsvc80:sfc_sf.obj
 0001:00013650       _call_sf_machine_global_method_dispatcher 10014650 f   sfc_mexmsvc80:sfc_sf.obj
 0001:00013810       _mdl_zeroCrossings_processing 10014810 f   sfc_mexmsvc80:sfc_sf.obj
 0001:000138c0       _mdl_derivatives_processing 100148c0 f   sfc_mexmsvc80:sfc_sf.obj
 0001:00013b40       _mdl_outputs_continuous_legacy 10014b40 f   sfc_mexmsvc80:sfc_sf.obj
 0001:00013bc0       _mdl_outputs_processing    10014bc0 f   sfc_mexmsvc80:sfc_sf.obj
 0001:00013df0       _mdl_enable_processing     10014df0 f   sfc_mexmsvc80:sfc_sf.obj
 0001:00013ea0       _mdl_disable_processing    10014ea0 f   sfc_mexmsvc80:sfc_sf.obj
 0001:00014950       _sf_call_output_fcn_enable_disable 10015950 f   sfc_mexmsvc80:sfc_sf.obj
 0001:00014b70       _set_dwork_information_from_mx_array 10015b70 f   sfc_mexmsvc80:sfc_sf.obj
 0001:00015450       _ptr2mxStruct              10016450 f   sfc_mexmsvc80:sfc_sf.obj
 0001:00015660       _SNPRINTF_WRAPPER          10016660 f   sfc_debugmsvc80:sfcdebug.obj
 0001:00015680       _sf_debug_chart_instance_initialized_quick 10016680 f   sfc_debugmsvc80:sfcdebug.obj
 0001:00015690       _sf_debug_chart_instance_initialized 10016690 f   sfc_debugmsvc80:sfcdebug.obj
 0001:00015810       _sfrtAddSize               10016810 f   sfc_debugmsvc80:sfcdebug.obj
 0001:000158c0       _sfrtGenSizeString         100168c0 f   sfc_debugmsvc80:sfcdebug.obj
 0001:00015d40       _fill_single_message_info  10016d40 f   sfc_debugmsvc80:sfcdebug.obj
 0001:00015ea0       _sf_debug_sim_status_listener 10016ea0 f   sfc_debugmsvc80:sfcdebug.obj
 0001:00016310       _sf_debug_form_mask_bits   10017310 f   sfc_debugmsvc80:sfcdebug.obj
 0001:00016350       _sf_debug_form_sf_data_type_offsets 10017350 f   sfc_debugmsvc80:sfcdebug.obj
 0001:000163e0       _sf_debug_free_all         100173e0 f   sfc_debugmsvc80:sfcdebug.obj
 0001:00016580       _sf_debug_append_debugger_context 10017580 f   sfc_debugmsvc80:sfcdebug.obj
 0001:00016730       _sf_debug_update_always_honor_breakpoints 10017730 f   sfc_debugmsvc80:sfcdebug.obj
 0001:00016910       _local_strdup              10017910 f   sfc_debugmsvc80:sfcdebug.obj
 0001:00017570       _sf_debug_em_terminate     10018570 f   sfc_debugmsvc80:sfcdebug.obj
 0001:000175b0       _sf_debug_push_eml_function 100185b0 f   sfc_debugmsvc80:sfcdebug.obj
 0001:00017640       _sf_debug_pop_eml_function 10018640 f   sfc_debugmsvc80:sfcdebug.obj
 0001:00017f20       _sf_debug_get_machine_number_from_id_or_name 10018f20 f   sfc_debugmsvc80:sfcdebug.obj
 0001:00018080       _sf_debug_get_chart_number_from_id 10019080 f   sfc_debugmsvc80:sfcdebug.obj
 0001:00018a60       _sf_debug_transfer_control_to_debugger_GUI 10019a60 f   sfc_debugmsvc80:sfcdebug.obj
 0001:000197c0       _sf_debug_scripts_rehash   1001a7c0 f   sfc_debugmsvc80:sfcdebug.obj
 0001:00019970       _sf_debug_get_script_line_count 1001a970 f   sfc_debugmsvc80:sfcdebug.obj
 0001:00019f60       _cv_eml_state_cvId         1001af60 f   sfc_debugmsvc80:sfcdebug.obj
 0001:00019fb0       _cv_eml_trans_cvId         1001afb0 f   sfc_debugmsvc80:sfcdebug.obj
 0001:0001ad70       _sf_debug_data_array_bounds_error 1001bd70 f   sfc_debugmsvc80:sfcdebug.obj
 0001:0001b080       _eml_debug_runtime_error_doclink 1001c080 f   sfc_debugmsvc80:sfcdebug.obj
 0001:0001b1a0       _sf_debug_runtime_error    1001c1a0 f   sfc_debugmsvc80:sfcdebug.obj
 0001:0001b1f0       _sf_debug_matlab_error     1001c1f0 f   sfc_debugmsvc80:sfcdebug.obj
 0001:0001b760       _sf_debug_data_value_error 1001c760 f   sfc_debugmsvc80:sfcdebug.obj
 0001:0001bd60       _sf_debug_data_loss_error  1001cd60 f   sfc_debugmsvc80:sfcdebug.obj
 0001:0001c890       _call_cv_range_check       1001d890 f   sfc_debugmsvc80:sfcdebug.obj
 0001:0001ce00       _sf_debug_invoke_cycle_detection_code 1001de00 f   sfc_debugmsvc80:sfcdebug.obj
 0001:0001d750       _sf_reset_debug_info_struct 1001e750 f   sfc_debugmsvc80:sfcdebug.obj
 0001:0001ddc0       _cv_script_cvId            1001edc0 f   sfc_debugmsvc80:sfcdebug.obj
 0001:0001e5a0       _sfc_api_chart_visible     1001f5a0 f   sfc_debugmsvc80:sfc_api.obj
 0001:0001e650       _sfc_api_active_instance   1001f650 f   sfc_debugmsvc80:sfc_api.obj
 0001:0001e6f0       _sfc_api_machine_load      1001f6f0 f   sfc_debugmsvc80:sfc_api.obj
 0001:0001e7f0       _sfc_api_debugger_alive    1001f7f0 f   sfc_debugmsvc80:sfc_api.obj
 0001:0001e800       _sfc_api_go                1001f800 f   sfc_debugmsvc80:sfc_api.obj
 0001:0001e810       _sfc_api_step_over         1001f810 f   sfc_debugmsvc80:sfc_api.obj
 0001:0001e820       _sfc_api_step_out          1001f820 f   sfc_debugmsvc80:sfc_api.obj
 0001:0001e830       _sfc_api_resume            1001f830 f   sfc_debugmsvc80:sfc_api.obj
 0001:0001e840       _sfc_api_break             1001f840 f   sfc_debugmsvc80:sfc_api.obj
 0001:0001e850       _sfc_api_stop_debugging    1001f850 f   sfc_debugmsvc80:sfc_api.obj
 0001:0001e8a0       _sfc_api_is_cycle_detected 1001f8a0 f   sfc_debugmsvc80:sfc_api.obj
 0001:0001e8f0       _sfc_api_is_array_bounds_detected 1001f8f0 f   sfc_debugmsvc80:sfc_api.obj
 0001:0001e940       _sfc_api_set_disable_all_breakpoints 1001f940 f   sfc_debugmsvc80:sfc_api.obj
 0001:0001e9d0       _sfc_api_disable_all_breakpoints_and_go 1001f9d0 f   sfc_debugmsvc80:sfc_api.obj
 0001:0001e9e0       _sfc_api_close             1001f9e0 f   sfc_debugmsvc80:sfc_api.obj
 0001:0001e9f0       _sfc_api_browse_data       1001f9f0 f   sfc_debugmsvc80:sfc_api.obj
 0001:0001ea70       _sfc_api_watch_data        1001fa70 f   sfc_debugmsvc80:sfc_api.obj
 0001:0001eb60       _sfc_api_extract_message_post_receive_info 1001fb60 f   sfc_debugmsvc80:sfc_api.obj
 0001:0001eb80       _sfc_api_assign_data       1001fb80 f   sfc_debugmsvc80:sfc_api.obj
 0001:0001ec00       _sfc_api_whos              1001fc00 f   sfc_debugmsvc80:sfc_api.obj
 0001:0001ec90       _sfc_api_get_consistency_info 1001fc90 f   sfc_debugmsvc80:sfc_api.obj
 0001:0001ecb0       _sfc_api_browse_trace      1001fcb0 f   sfc_debugmsvc80:sfc_api.obj
 0001:0001ecd0       _sfc_api_break_on_chart_entry 1001fcd0 f   sfc_debugmsvc80:sfc_api.obj
 0001:0001ed10       _sfc_api_break_on_event_broadcast 1001fd10 f   sfc_debugmsvc80:sfc_api.obj
 0001:0001ed50       _sfc_api_break_on_state_entry 1001fd50 f   sfc_debugmsvc80:sfc_api.obj
 0001:0001ed90       _sfc_api_set_watch         1001fd90 f   sfc_debugmsvc80:sfc_api.obj
 0001:0001ee70       _sfc_api_set_breakpoints   1001fe70 f   sfc_debugmsvc80:sfc_api.obj
 0001:0001ef50       _sfc_api_set_eml_breakpoints 1001ff50 f   sfc_debugmsvc80:sfc_api.obj
 0001:0001f000       _sfc_api_set_script_breakpoints 10020000 f   sfc_debugmsvc80:sfc_api.obj
 0001:0001f060       _sfc_api_add_script_breakpoints 10020060 f   sfc_debugmsvc80:sfc_api.obj
 0001:0001f0c0       _sfc_api_clear_script_breakpoints 100200c0 f   sfc_debugmsvc80:sfc_api.obj
 0001:0001f120       _sfc_api_query_script_breakpoints 10020120 f   sfc_debugmsvc80:sfc_api.obj
 0001:0001f190       _sfc_api_get_script_id     10020190 f   sfc_debugmsvc80:sfc_api.obj
 0001:0001f230       _sfc_api_get_active_states 10020230 f   sfc_debugmsvc80:sfc_api.obj
 0001:0001f2a0       _sfc_api_break_between_times 100202a0 f   sfc_debugmsvc80:sfc_api.obj
 0001:0001f300       _sfc_api_get_instance_handle 10020300 f   sfc_debugmsvc80:sfc_api.obj
 0001:0001f3e0       _sfc_api_set_animation     100203e0 f   sfc_debugmsvc80:sfc_api.obj
 0001:0001f440       _sfc_api_select_chart      10020440 f   sfc_debugmsvc80:sfc_api.obj
 0001:0001f4d0       _sfc_api_select_charts     100204d0 f   sfc_debugmsvc80:sfc_api.obj
 0001:0001f500       _sfc_api_cycle_detection_check 10020500 f   sfc_debugmsvc80:sfc_api.obj
 0001:0001f560       _sfc_api_data_range_check  10020560 f   sfc_debugmsvc80:sfc_api.obj
 0001:0001f5c0       _sfc_api_transition_conflict_check 100205c0 f   sfc_debugmsvc80:sfc_api.obj
 0001:0001f620       _sfc_api_state_consistency_check 10020620 f   sfc_debugmsvc80:sfc_api.obj
 0001:0001f680       _sfc_api_set_instance_cv_ids 10020680 f   sfc_debugmsvc80:sfc_api.obj
 0001:0001f7b0       _sfc_api_set_script_cv_ids 100207b0 f   sfc_debugmsvc80:sfc_api.obj
 0001:0001f870       _sfc_api_get_current_machine_id 10020870 f   sfc_debugmsvc80:sfc_api.obj
 0001:0001f8a0       _sfc_api_get_current_machine_number 100208a0 f   sfc_debugmsvc80:sfc_api.obj
 0001:0001f8d0       _sfc_api_get_current_chart_number 100208d0 f   sfc_debugmsvc80:sfc_api.obj
 0001:0001f900       _sfc_api_get_current_instance_number 10020900 f   sfc_debugmsvc80:sfc_api.obj
 0001:0001f930       _sfc_api_get_current_instance_handle 10020930 f   sfc_debugmsvc80:sfc_api.obj
 0001:0001f950       _sfc_api_get_current_is_minor_time_step 10020950 f   sfc_debugmsvc80:sfc_api.obj
 0001:0001f980       _sfc_api_get_current_machine_name 10020980 f   sfc_debugmsvc80:sfc_api.obj
 0001:0001f9a0       _sfc_api_get_current_chart_id 100209a0 f   sfc_debugmsvc80:sfc_api.obj
 0001:0001f9d0       _sfc_api_get_current_object_type 100209d0 f   sfc_debugmsvc80:sfc_api.obj
 0001:0001fa00       _sfc_api_get_current_event_type 10020a00 f   sfc_debugmsvc80:sfc_api.obj
 0001:0001fa30       _sfc_api_get_current_object_id 10020a30 f   sfc_debugmsvc80:sfc_api.obj
 0001:0001fa60       _sfc_get_current_active_event_type 10020a60 f   sfc_debugmsvc80:sfc_api.obj
 0001:0001fa90       _sfc_api_get_current_active_event_id 10020a90 f   sfc_debugmsvc80:sfc_api.obj
 0001:0001fac0       _sfc_api_get_current_simulation_time 10020ac0 f   sfc_debugmsvc80:sfc_api.obj
 0001:0001fae0       _sfc_get_current_tag_type  10020ae0 f   sfc_debugmsvc80:sfc_api.obj
 0001:0001fb10       _sfc_get_current_coverage_percentage 10020b10 f   sfc_debugmsvc80:sfc_api.obj
 0001:0001fb30       _sfc_get_current_statement_context 10020b30 f   sfc_debugmsvc80:sfc_api.obj
 0001:0001fb50       _sfc_get_current_optional_integer 10020b50 f   sfc_debugmsvc80:sfc_api.obj
 0001:0001fb80       _sfc_get_current_statement_info 10020b80 f   sfc_debugmsvc80:sfc_api.obj
 0001:0001fc20       _sfc_api_get               10020c20 f   sfc_debugmsvc80:sfc_api.obj
 0001:00020660       _sf_debug_sm_fill_state_activity_data 10021660 f   sfc_debugmsvc80:sfdb_animation.obj
 0001:000228d0       _void_ptr_stack_vector_free_total 100238d0 f   sfc_debugmsvc80:sfdb_data_browse.obj
 0001:00022930       _sf_debug_st_terminate_machine 10023930 f   sfc_debugmsvc80:sfdb_data_browse.obj
 0001:00022960       _sf_debug_st_terminate_instance 10023960 f   sfc_debugmsvc80:sfdb_data_browse.obj
 0001:00022ae0       _push_on_to_void_ptr_stack 10023ae0 f   sfc_debugmsvc80:sfdb_data_browse.obj
 0001:00022c10       _pop_from_void_ptr_stack   10023c10 f   sfc_debugmsvc80:sfdb_data_browse.obj
 0001:00022d10       _sf_debug_st_get_data_value 10023d10 f   sfc_debugmsvc80:sfdb_data_browse.obj
 0001:000231b0       _mx_value                  100241b0 f   sfc_debugmsvc80:sfdb_data_browse.obj
 0001:000231e0       _sf_debug_st_fill_data_struct 100241e0 f   sfc_debugmsvc80:sfdb_data_browse.obj
 0001:000234b0       _data_type_format_strings  100244b0 f   sfc_debugmsvc80:sfdb_data_browse.obj
 0001:00023520       _sf_debug_st_fill_data     10024520 f   sfc_debugmsvc80:sfdb_data_browse.obj
 0001:00023f10       _sf_debug_hm_get_simulink_handle 10024f10 f   sfc_debugmsvc80:sfdb_handle_management.obj
 0001:000248a0       _sf_debug_hm_initialize_globals 100258a0 f   sfc_debugmsvc80:sfdb_handle_management.obj
 0001:00024990       _sf_debug_hm_get_machine_debug_flag 10025990 f   sfc_debugmsvc80:sfdb_handle_management.obj
 0001:00024ae0       _sf_debug_hm_get_machine_id 10025ae0 f   sfc_debugmsvc80:sfdb_handle_management.obj
 0001:00024bf0       _sf_debug_hm_get_chart_id  10025bf0 f   sfc_debugmsvc80:sfdb_handle_management.obj
 0001:00024d60       _sf_debug_hm_register_executing_SFunction 10025d60 f   sfc_debugmsvc80:sfdb_handle_management.obj
 0001:00025070       _sf_debug_hm_form_object_boolean_properties 10026070 f   sfc_debugmsvc80:sfdb_handle_management.obj
 0001:000252e0       _sf_debug_hm_form_object_properties 100262e0 f   sfc_debugmsvc80:sfdb_handle_management.obj
 0001:000254e0       _sf_debug_hm_terminate_charts 100264e0 f   sfc_debugmsvc80:sfdb_handle_management.obj
 0001:00025ae0       _sf_debug_hm_terminate_machines 10026ae0 f   sfc_debugmsvc80:sfdb_handle_management.obj
 0001:000272b0       _sf_debug_ss_copy_dimension 100282b0 f   sfc_debugmsvc80:sfdb_symbol_scope.obj
 0001:00027320       _sf_debug_ss_get_number_elements 10028320 f   sfc_debugmsvc80:sfdb_symbol_scope.obj
 0001:00027340       _sf_debug_ss_fill_data_struct 10028340 f   sfc_debugmsvc80:sfdb_symbol_scope.obj
 0001:00027530       _sf_debug_ss_reset_data_info 10028530 f   sfc_debugmsvc80:sfdb_symbol_scope.obj
 0001:00027580       _sf_debug_fill_data_info_by_symbol_scope_entry 10028580 f   sfc_debugmsvc80:sfdb_symbol_scope.obj
 0001:00027630       _sf_debug_fill_data_info_by_data_vector 10028630 f   sfc_debugmsvc80:sfdb_symbol_scope.obj
 0001:000277f0       _get_data_info_helper      100287f0 f   sfc_debugmsvc80:sfdb_symbol_scope.obj
 0001:00027870       _sf_debug_ss_get_data_info 10028870 f   sfc_debugmsvc80:sfdb_symbol_scope.obj
 0001:00027a20       _sf_debug_select_mex_function 10028a20 f   sfc_debugmsvc80:sfdb_symbol_scope.obj
 0001:00027a50       _sf_debug_is_dyn_matrix_initialized 10028a50 f   sfc_debugmsvc80:sfdb_symbol_scope.obj
 0001:00027a70       _sf_debug_ss_set_data_value_try 10028a70 f   sfc_debugmsvc80:sfdb_symbol_scope.obj
 0001:00027ba0       _sf_debug_ss_get_data_value 10028ba0 f   sfc_debugmsvc80:sfdb_symbol_scope.obj
 0001:000280d0       _sf_debug_ss_data_bytes_string 100290d0 f   sfc_debugmsvc80:sfdb_symbol_scope.obj
 0001:00028140       _sf_debug_ss_data_class_string 10029140 f   sfc_debugmsvc80:sfdb_symbol_scope.obj
 0001:00028490       _sf_debug_ss_data_size_string 10029490 f   sfc_debugmsvc80:sfdb_symbol_scope.obj
 0001:00028550       _sf_debug_ss_data_create_data_info_struct 10029550 f   sfc_debugmsvc80:sfdb_symbol_scope.obj
 0001:000287b0       _sf_debug_ss_data_create_name_value_pair 100297b0 f   sfc_debugmsvc80:sfdb_symbol_scope.obj
 0001:00028810       _sf_debug_ss_data_get_whos_info 10029810 f   sfc_debugmsvc80:sfdb_symbol_scope.obj
 0001:00028840       _same_named_data_in_data_array 10029840 f   sfc_debugmsvc80:sfdb_symbol_scope.obj
 0001:00029da0       _sf_debug_cc_terminate_chart 1002ada0 f   sfc_debugmsvc80:sfdb_coverage.obj
 0001:0002a080       _sf_debug_cc_terminate_instance 1002b080 f   sfc_debugmsvc80:sfdb_coverage.obj
 0001:0002aad0       _sf_debug_cc_mark_object_if_needed 1002bad0 f   sfc_debugmsvc80:sfdb_coverage.obj
 0001:0002b250       _sf_debug_bm_initialize_eml 1002c250 f   sfc_debugmsvc80:sfdb_breakpoints.obj
 0001:0002c230       _sf_debug_bm_map_debug_tag_to_breakpoint_tag 1002d230 f   sfc_debugmsvc80:sfdb_breakpoints.obj
 0001:0002c2d0       _sf_debug_bm_is_a_eml_breakpoint_impl 1002d2d0 f   sfc_debugmsvc80:sfdb_breakpoints.obj
 0001:0002d940       _sf_debug_sc_push_on_error_stack 1002e940 f   sfc_debugmsvc80:sfdb_state_consistency.obj
 0001:0002da50       _sf_debug_sc_reset_error_stack 1002ea50 f   sfc_debugmsvc80:sfdb_state_consistency.obj
 0001:0002dba0       _sf_debug_sc_is_state_inconsistent 1002eba0 f   sfc_debugmsvc80:sfdb_state_consistency.obj
 0001:0002ddc0       _sf_debug_sc_fill_consistency_info 1002edc0 f   sfc_debugmsvc80:sfdb_state_consistency.obj
 0001:0002e240       _void_assertion_fcn        1002f240 f   sfc_debugmsvc80:sfdb_call_stack.obj
 0001:0002e730       _sf_debug_tm_fill_local_trace 1002f730 f   sfc_debugmsvc80:sfdb_call_stack.obj
 0001:0002ebb0       _sf_debug_cd_terminate_instance 1002fbb0 f   sfc_debugmsvc80:sfdb_cycle_detection.obj
 0001:0002ec10       _sf_debug_cd_free_checksum_stack 1002fc10 f   sfc_debugmsvc80:sfdb_cycle_detection.obj
 0001:0002ec40       _sf_debug_cd_reset_pack_strings 1002fc40 f   sfc_debugmsvc80:sfdb_cycle_detection.obj
 0001:0002f290       _md5file_clear             10030290 f   sfc_debugmsvc80:ckmd5.obj
 0001:0002f2c0       _Encode                    100302c0 f   sfc_debugmsvc80:ckmd5.obj
 0001:0002f300       _Decode                    10030300 f   sfc_debugmsvc80:ckmd5.obj
 0001:0002f380       _MD5Transform              10030380 f   sfc_debugmsvc80:ckmd5.obj
 0001:0002fa40       _md5file_addn              10030a40 f   sfc_debugmsvc80:ckmd5.obj
 0001:0002faf0       _md5file_hash              10030af0 f   sfc_debugmsvc80:ckmd5.obj
 0001:0002ffc1       _pre_c_init                10030fc1 f   MSVCRT:crtdll.obj
 0001:00030219       ___DllMainCRTStartup       10031219 f   MSVCRT:crtdll.obj
